Archive member included to satisfy reference by file (symbol)

c:/st/stm32cubeide_1.11.0/stm32cubeide/plugins/com.st.stm32cube.ide.mcu.externaltools.gnu-tools-for-stm32.10.3-2021.10.win32_1.0.100.202210260954/tools/bin/../lib/gcc/arm-none-eabi/10.3.1/../../../../arm-none-eabi/lib/thumb/v7e-m+fp/hard\libc_nano.a(lib_a-errno.o)
                              ./Core/Src/syscalls.o (__errno)
c:/st/stm32cubeide_1.11.0/stm32cubeide/plugins/com.st.stm32cube.ide.mcu.externaltools.gnu-tools-for-stm32.10.3-2021.10.win32_1.0.100.202210260954/tools/bin/../lib/gcc/arm-none-eabi/10.3.1/../../../../arm-none-eabi/lib/thumb/v7e-m+fp/hard\libc_nano.a(lib_a-exit.o)
                              c:/st/stm32cubeide_1.11.0/stm32cubeide/plugins/com.st.stm32cube.ide.mcu.externaltools.gnu-tools-for-stm32.10.3-2021.10.win32_1.0.100.202210260954/tools/bin/../lib/gcc/arm-none-eabi/10.3.1/../../../../arm-none-eabi/lib/thumb/v7e-m+fp/hard/crt0.o (exit)
c:/st/stm32cubeide_1.11.0/stm32cubeide/plugins/com.st.stm32cube.ide.mcu.externaltools.gnu-tools-for-stm32.10.3-2021.10.win32_1.0.100.202210260954/tools/bin/../lib/gcc/arm-none-eabi/10.3.1/../../../../arm-none-eabi/lib/thumb/v7e-m+fp/hard\libc_nano.a(lib_a-impure.o)
                              c:/st/stm32cubeide_1.11.0/stm32cubeide/plugins/com.st.stm32cube.ide.mcu.externaltools.gnu-tools-for-stm32.10.3-2021.10.win32_1.0.100.202210260954/tools/bin/../lib/gcc/arm-none-eabi/10.3.1/../../../../arm-none-eabi/lib/thumb/v7e-m+fp/hard\libc_nano.a(lib_a-exit.o) (_global_impure_ptr)
c:/st/stm32cubeide_1.11.0/stm32cubeide/plugins/com.st.stm32cube.ide.mcu.externaltools.gnu-tools-for-stm32.10.3-2021.10.win32_1.0.100.202210260954/tools/bin/../lib/gcc/arm-none-eabi/10.3.1/../../../../arm-none-eabi/lib/thumb/v7e-m+fp/hard\libc_nano.a(lib_a-init.o)
                              c:/st/stm32cubeide_1.11.0/stm32cubeide/plugins/com.st.stm32cube.ide.mcu.externaltools.gnu-tools-for-stm32.10.3-2021.10.win32_1.0.100.202210260954/tools/bin/../lib/gcc/arm-none-eabi/10.3.1/../../../../arm-none-eabi/lib/thumb/v7e-m+fp/hard/crt0.o (__libc_init_array)
c:/st/stm32cubeide_1.11.0/stm32cubeide/plugins/com.st.stm32cube.ide.mcu.externaltools.gnu-tools-for-stm32.10.3-2021.10.win32_1.0.100.202210260954/tools/bin/../lib/gcc/arm-none-eabi/10.3.1/../../../../arm-none-eabi/lib/thumb/v7e-m+fp/hard\libc_nano.a(lib_a-memcpy-stub.o)
                              ./Core/Src/main.o (memcpy)
c:/st/stm32cubeide_1.11.0/stm32cubeide/plugins/com.st.stm32cube.ide.mcu.externaltools.gnu-tools-for-stm32.10.3-2021.10.win32_1.0.100.202210260954/tools/bin/../lib/gcc/arm-none-eabi/10.3.1/../../../../arm-none-eabi/lib/thumb/v7e-m+fp/hard\libc_nano.a(lib_a-memset.o)
                              c:/st/stm32cubeide_1.11.0/stm32cubeide/plugins/com.st.stm32cube.ide.mcu.externaltools.gnu-tools-for-stm32.10.3-2021.10.win32_1.0.100.202210260954/tools/bin/../lib/gcc/arm-none-eabi/10.3.1/../../../../arm-none-eabi/lib/thumb/v7e-m+fp/hard/crt0.o (memset)

Discarded input sections

 .text          0x0000000000000000        0x0 c:/st/stm32cubeide_1.11.0/stm32cubeide/plugins/com.st.stm32cube.ide.mcu.externaltools.gnu-tools-for-stm32.10.3-2021.10.win32_1.0.100.202210260954/tools/bin/../lib/gcc/arm-none-eabi/10.3.1/thumb/v7e-m+fp/hard/crti.o
 .data          0x0000000000000000        0x0 c:/st/stm32cubeide_1.11.0/stm32cubeide/plugins/com.st.stm32cube.ide.mcu.externaltools.gnu-tools-for-stm32.10.3-2021.10.win32_1.0.100.202210260954/tools/bin/../lib/gcc/arm-none-eabi/10.3.1/thumb/v7e-m+fp/hard/crti.o
 .bss           0x0000000000000000        0x0 c:/st/stm32cubeide_1.11.0/stm32cubeide/plugins/com.st.stm32cube.ide.mcu.externaltools.gnu-tools-for-stm32.10.3-2021.10.win32_1.0.100.202210260954/tools/bin/../lib/gcc/arm-none-eabi/10.3.1/thumb/v7e-m+fp/hard/crti.o
 .data          0x0000000000000000        0x4 c:/st/stm32cubeide_1.11.0/stm32cubeide/plugins/com.st.stm32cube.ide.mcu.externaltools.gnu-tools-for-stm32.10.3-2021.10.win32_1.0.100.202210260954/tools/bin/../lib/gcc/arm-none-eabi/10.3.1/thumb/v7e-m+fp/hard/crtbegin.o
 .rodata        0x0000000000000000       0x24 c:/st/stm32cubeide_1.11.0/stm32cubeide/plugins/com.st.stm32cube.ide.mcu.externaltools.gnu-tools-for-stm32.10.3-2021.10.win32_1.0.100.202210260954/tools/bin/../lib/gcc/arm-none-eabi/10.3.1/thumb/v7e-m+fp/hard/crtbegin.o
 .text          0x0000000000000000       0x7c c:/st/stm32cubeide_1.11.0/stm32cubeide/plugins/com.st.stm32cube.ide.mcu.externaltools.gnu-tools-for-stm32.10.3-2021.10.win32_1.0.100.202210260954/tools/bin/../lib/gcc/arm-none-eabi/10.3.1/../../../../arm-none-eabi/lib/thumb/v7e-m+fp/hard/crt0.o
 .data          0x0000000000000000        0x0 c:/st/stm32cubeide_1.11.0/stm32cubeide/plugins/com.st.stm32cube.ide.mcu.externaltools.gnu-tools-for-stm32.10.3-2021.10.win32_1.0.100.202210260954/tools/bin/../lib/gcc/arm-none-eabi/10.3.1/../../../../arm-none-eabi/lib/thumb/v7e-m+fp/hard/crt0.o
[...]
Memory Configuration

Name             Origin             Length             Attributes
RAM              0x0000000020000000 0x0000000000008000 xrw
FLASH            0x0000000008000000 0x0000000000020000 xr
*default*        0x0000000000000000 0xffffffffffffffff

Linker script and memory map

LOAD c:/st/stm32cubeide_1.11.0/stm32cubeide/plugins/com.st.stm32cube.ide.mcu.externaltools.gnu-tools-for-stm32.10.3-2021.10.win32_1.0.100.202210260954/tools/bin/../lib/gcc/arm-none-eabi/10.3.1/thumb/v7e-m+fp/hard/crti.o
LOAD c:/st/stm32cubeide_1.11.0/stm32cubeide/plugins/com.st.stm32cube.ide.mcu.externaltools.gnu-tools-for-stm32.10.3-2021.10.win32_1.0.100.202210260954/tools/bin/../lib/gcc/arm-none-eabi/10.3.1/thumb/v7e-m+fp/hard/crtbegin.o
LOAD c:/st/stm32cubeide_1.11.0/stm32cubeide/plugins/com.st.stm32cube.ide.mcu.externaltools.gnu-tools-for-stm32.10.3-2021.10.win32_1.0.100.202210260954/tools/bin/../lib/gcc/arm-none-eabi/10.3.1/../../../../arm-none-eabi/lib/thumb/v7e-m+fp/hard/crt0.o
LOAD ./Core/Src/main.o
LOAD ./Core/Src/stm32g4xx_hal_msp.o
LOAD ./Core/Src/stm32g4xx_it.o
LOAD ./Core/Src/syscalls.o
LOAD ./Core/Src/sysmem.o
LOAD ./Core/Src/system_stm32g4xx.o
LOAD ./Core/Startup/startup_stm32g441kbtx.o
LOAD ./Drivers/STM32G4xx_HAL_Driver/Src/stm32g4xx_hal.o
LOAD ./Drivers/STM32G4xx_HAL_Driver/Src/stm32g4xx_hal_cortex.o
LOAD ./Drivers/STM32G4xx_HAL_Driver/Src/stm32g4xx_hal_dma.o
LOAD ./Drivers/STM32G4xx_HAL_Driver/Src/stm32g4xx_hal_dma_ex.o
LOAD ./Drivers/STM32G4xx_HAL_Driver/Src/stm32g4xx_hal_exti.o
LOAD ./Drivers/STM32G4xx_HAL_Driver/Src/stm32g4xx_hal_flash.o
LOAD ./Drivers/STM32G4xx_HAL_Driver/Src/stm32g4xx_hal_flash_ex.o
LOAD ./Drivers/STM32G4xx_HAL_Driver/Src/stm32g4xx_hal_flash_ramfunc.o
LOAD ./Drivers/STM32G4xx_HAL_Driver/Src/stm32g4xx_hal_gpio.o
LOAD ./Drivers/STM32G4xx_HAL_Driver/Src/stm32g4xx_hal_pcd.o
LOAD ./Drivers/STM32G4xx_HAL_Driver/Src/stm32g4xx_hal_pcd_ex.o
LOAD ./Drivers/STM32G4xx_HAL_Driver/Src/stm32g4xx_hal_pwr.o
LOAD ./Drivers/STM32G4xx_HAL_Driver/Src/stm32g4xx_hal_pwr_ex.o
LOAD ./Drivers/STM32G4xx_HAL_Driver/Src/stm32g4xx_hal_rcc.o
LOAD ./Drivers/STM32G4xx_HAL_Driver/Src/stm32g4xx_hal_rcc_ex.o
LOAD ./Drivers/STM32G4xx_HAL_Driver/Src/stm32g4xx_hal_tim.o
LOAD ./Drivers/STM32G4xx_HAL_Driver/Src/stm32g4xx_hal_tim_ex.o
LOAD ./Drivers/STM32G4xx_HAL_Driver/Src/stm32g4xx_ll_usb.o
LOAD ./Middlewares/ST/STM32_USB_Device_Library/Class/CDC/Src/usbd_cdc.o
LOAD ./Middlewares/ST/STM32_USB_Device_Library/Core/Src/usbd_core.o
LOAD ./Middlewares/ST/STM32_USB_Device_Library/Core/Src/usbd_ctlreq.o
LOAD ./Middlewares/ST/STM32_USB_Device_Library/Core/Src/usbd_ioreq.o
LOAD ./USB_Device/App/usb_device.o
LOAD ./USB_Device/App/usbd_cdc_if.o
LOAD ./USB_Device/App/usbd_desc.o
LOAD ./USB_Device/Target/usbd_conf.o
START GROUP
LOAD c:/st/stm32cubeide_1.11.0/stm32cubeide/plugins/com.st.stm32cube.ide.mcu.externaltools.gnu-tools-for-stm32.10.3-2021.10.win32_1.0.100.202210260954/tools/bin/../lib/gcc/arm-none-eabi/10.3.1/../../../../arm-none-eabi/lib/thumb/v7e-m+fp/hard\libc_nano.a
LOAD c:/st/stm32cubeide_1.11.0/stm32cubeide/plugins/com.st.stm32cube.ide.mcu.externaltools.gnu-tools-for-stm32.10.3-2021.10.win32_1.0.100.202210260954/tools/bin/../lib/gcc/arm-none-eabi/10.3.1/../../../../arm-none-eabi/lib/thumb/v7e-m+fp/hard\libm.a
END GROUP
START GROUP
LOAD c:/st/stm32cubeide_1.11.0/stm32cubeide/plugins/com.st.stm32cube.ide.mcu.externaltools.gnu-tools-for-stm32.10.3-2021.10.win32_1.0.100.202210260954/tools/bin/../lib/gcc/arm-none-eabi/10.3.1/thumb/v7e-m+fp/hard\libgcc.a
LOAD c:/st/stm32cubeide_1.11.0/stm32cubeide/plugins/com.st.stm32cube.ide.mcu.externaltools.gnu-tools-for-stm32.10.3-2021.10.win32_1.0.100.202210260954/tools/bin/../lib/gcc/arm-none-eabi/10.3.1/../../../../arm-none-eabi/lib/thumb/v7e-m+fp/hard\libc_nano.a
END GROUP
START GROUP
LOAD c:/st/stm32cubeide_1.11.0/stm32cubeide/plugins/com.st.stm32cube.ide.mcu.externaltools.gnu-tools-for-stm32.10.3-2021.10.win32_1.0.100.202210260954/tools/bin/../lib/gcc/arm-none-eabi/10.3.1/thumb/v7e-m+fp/hard\libgcc.a
LOAD c:/st/stm32cubeide_1.11.0/stm32cubeide/plugins/com.st.stm32cube.ide.mcu.externaltools.gnu-tools-for-stm32.10.3-2021.10.win32_1.0.100.202210260954/tools/bin/../lib/gcc/arm-none-eabi/10.3.1/../../../../arm-none-eabi/lib/thumb/v7e-m+fp/hard\libc_nano.a
LOAD c:/st/stm32cubeide_1.11.0/stm32cubeide/plugins/com.st.stm32cube.ide.mcu.externaltools.gnu-tools-for-stm32.10.3-2021.10.win32_1.0.100.202210260954/tools/bin/../lib/gcc/arm-none-eabi/10.3.1/../../../../arm-none-eabi/lib/thumb/v7e-m+fp/hard\libnosys.a
END GROUP
START GROUP
LOAD c:/st/stm32cubeide_1.11.0/stm32cubeide/plugins/com.st.stm32cube.ide.mcu.externaltools.gnu-tools-for-stm32.10.3-2021.10.win32_1.0.100.202210260954/tools/bin/../lib/gcc/arm-none-eabi/10.3.1/thumb/v7e-m+fp/hard\libgcc.a
LOAD c:/st/stm32cubeide_1.11.0/stm32cubeide/plugins/com.st.stm32cube.ide.mcu.externaltools.gnu-tools-for-stm32.10.3-2021.10.win32_1.0.100.202210260954/tools/bin/../lib/gcc/arm-none-eabi/10.3.1/../../../../arm-none-eabi/lib/thumb/v7e-m+fp/hard\libc_nano.a
LOAD c:/st/stm32cubeide_1.11.0/stm32cubeide/plugins/com.st.stm32cube.ide.mcu.externaltools.gnu-tools-for-stm32.10.3-2021.10.win32_1.0.100.202210260954/tools/bin/../lib/gcc/arm-none-eabi/10.3.1/../../../../arm-none-eabi/lib/thumb/v7e-m+fp/hard\libnosys.a
END GROUP
LOAD c:/st/stm32cubeide_1.11.0/stm32cubeide/plugins/com.st.stm32cube.ide.mcu.externaltools.gnu-tools-for-stm32.10.3-2021.10.win32_1.0.100.202210260954/tools/bin/../lib/gcc/arm-none-eabi/10.3.1/thumb/v7e-m+fp/hard/crtend.o
LOAD c:/st/stm32cubeide_1.11.0/stm32cubeide/plugins/com.st.stm32cube.ide.mcu.externaltools.gnu-tools-for-stm32.10.3-2021.10.win32_1.0.100.202210260954/tools/bin/../lib/gcc/arm-none-eabi/10.3.1/thumb/v7e-m+fp/hard/crtn.o
                0x0000000020008000                _estack = (ORIGIN (RAM) + LENGTH (RAM))
                0x0000000000000200                _Min_Heap_Size = 0x200
                0x0000000000000400                _Min_Stack_Size = 0x400

.isr_vector     0x0000000008000000      0x1d8
                0x0000000008000000                . = ALIGN (0x4)
 *(.isr_vector)
 .isr_vector    0x0000000008000000      0x1d8 ./Core/Startup/startup_stm32g441kbtx.o
                0x0000000008000000                g_pfnVectors
                0x00000000080001d8                . = ALIGN (0x4)

.text           0x00000000080001d8     0xa1b8
                0x00000000080001d8                . = ALIGN (0x4)
 *(.text)
 .text          0x00000000080001d8       0x40 c:/st/stm32cubeide_1.11.0/stm32cubeide/plugins/com.st.stm32cube.ide.mcu.externaltools.gnu-tools-for-stm32.10.3-2021.10.win32_1.0.100.202210260954/tools/bin/../lib/gcc/arm-none-eabi/10.3.1/thumb/v7e-m+fp/hard/crtbegin.o
 *(.text*)
 .text.CDC_On_Receive
                0x0000000008000218       0x40 ./Core/Src/main.o
                0x0000000008000218                CDC_On_Receive
 .text.clamp    0x0000000008000258       0x32 ./Core/Src/main.o
                0x0000000008000258                clamp
 *fill*         0x000000000800028a        0x2 
 .text.controlPID
                0x000000000800028c       0xa8 ./Core/Src/main.o
                0x000000000800028c                controlPID
 .text.nSleep   0x0000000008000334       0x3c ./Core/Src/main.o
                0x0000000008000334                nSleep
 .text.HAL_TIM_PeriodElapsedCallback
                0x0000000008000370      0x15c ./Core/Src/main.o
                0x0000000008000370                HAL_TIM_PeriodElapsedCallback
 .text.main     0x00000000080004cc      0x170 ./Core/Src/main.o
                0x00000000080004cc                main
 .text.SystemClock_Config
                0x000000000800063c       0x98 ./Core/Src/main.o
                0x000000000800063c                SystemClock_Config
 .text.MX_TIM1_Init
                0x00000000080006d4       0xb4 ./Core/Src/main.o
 .text.MX_TIM2_Init
                0x0000000008000788       0xa8 ./Core/Src/main.o
 .text.MX_TIM3_Init
                0x0000000008000830       0xac ./Core/Src/main.o
 .text.MX_TIM4_Init
                0x00000000080008dc       0xb4 ./Core/Src/main.o
 .text.MX_TIM6_Init
                0x0000000008000990       0x6c ./Core/Src/main.o
 .text.MX_TIM8_Init
                0x00000000080009fc      0x128 ./Core/Src/main.o
 .text.MX_TIM15_Init
                0x0000000008000b24      0x124 ./Core/Src/main.o
 .text.MX_TIM16_Init
                0x0000000008000c48       0xf4 ./Core/Src/main.o
 .text.MX_TIM17_Init
                0x0000000008000d3c       0xf4 ./Core/Src/main.o
 .text.MX_GPIO_Init
                0x0000000008000e30       0xe0 ./Core/Src/main.o
 .text.Error_Handler
                0x0000000008000f10        0xa ./Core/Src/main.o
                0x0000000008000f10                Error_Handler
 *fill*         0x0000000008000f1a        0x2 
 .text.HAL_MspInit
                0x0000000008000f1c       0x48 ./Core/Src/stm32g4xx_hal_msp.o
                0x0000000008000f1c                HAL_MspInit
 .text.HAL_TIM_Encoder_MspInit
                0x0000000008000f64      0x184 ./Core/Src/stm32g4xx_hal_msp.o
                0x0000000008000f64                HAL_TIM_Encoder_MspInit
 .text.HAL_TIM_PWM_MspInit
                0x00000000080010e8       0x90 ./Core/Src/stm32g4xx_hal_msp.o
                0x00000000080010e8                HAL_TIM_PWM_MspInit
 .text.HAL_TIM_Base_MspInit
                0x0000000008001178       0x9c ./Core/Src/stm32g4xx_hal_msp.o
                0x0000000008001178                HAL_TIM_Base_MspInit
 .text.HAL_TIM_MspPostInit
                0x0000000008001214      0x194 ./Core/Src/stm32g4xx_hal_msp.o
                0x0000000008001214                HAL_TIM_MspPostInit
 .text.NMI_Handler
                0x00000000080013a8        0x6 ./Core/Src/stm32g4xx_it.o
                0x00000000080013a8                NMI_Handler
 .text.HardFault_Handler
                0x00000000080013ae        0x6 ./Core/Src/stm32g4xx_it.o
                0x00000000080013ae                HardFault_Handler
 .text.MemManage_Handler
                0x00000000080013b4        0x6 ./Core/Src/stm32g4xx_it.o
                0x00000000080013b4                MemManage_Handler
 .text.BusFault_Handler
                0x00000000080013ba        0x6 ./Core/Src/stm32g4xx_it.o
                0x00000000080013ba                BusFault_Handler
 .text.UsageFault_Handler
                0x00000000080013c0        0x6 ./Core/Src/stm32g4xx_it.o
                0x00000000080013c0                UsageFault_Handler
 .text.SVC_Handler
                0x00000000080013c6        0xe ./Core/Src/stm32g4xx_it.o
                0x00000000080013c6                SVC_Handler
 .text.DebugMon_Handler
                0x00000000080013d4        0xe ./Core/Src/stm32g4xx_it.o
                0x00000000080013d4                DebugMon_Handler
 .text.PendSV_Handler
                0x00000000080013e2        0xe ./Core/Src/stm32g4xx_it.o
                0x00000000080013e2                PendSV_Handler
 .text.SysTick_Handler
                0x00000000080013f0        0xc ./Core/Src/stm32g4xx_it.o
                0x00000000080013f0                SysTick_Handler
 .text.USB_LP_IRQHandler
                0x00000000080013fc       0x14 ./Core/Src/stm32g4xx_it.o
                0x00000000080013fc                USB_LP_IRQHandler
 .text.TIM6_DAC_IRQHandler
                0x0000000008001410       0x14 ./Core/Src/stm32g4xx_it.o
                0x0000000008001410                TIM6_DAC_IRQHandler
 .text.SystemInit
                0x0000000008001424       0x24 ./Core/Src/system_stm32g4xx.o
                0x0000000008001424                SystemInit
 .text.Reset_Handler
                0x0000000008001448       0x50 ./Core/Startup/startup_stm32g441kbtx.o
                0x0000000008001448                Reset_Handler
 .text.Default_Handler
                0x0000000008001498        0x2 ./Core/Startup/startup_stm32g441kbtx.o
                0x0000000008001498                RTC_Alarm_IRQHandler
                0x0000000008001498                EXTI2_IRQHandler
                0x0000000008001498                TIM8_TRG_COM_IRQHandler
                0x0000000008001498                TIM8_CC_IRQHandler
                0x0000000008001498                TIM1_CC_IRQHandler
                0x0000000008001498                USB_HP_IRQHandler
                0x0000000008001498                CORDIC_IRQHandler
                0x0000000008001498                EXTI3_IRQHandler
                0x0000000008001498                I2C3_ER_IRQHandler
                0x0000000008001498                EXTI0_IRQHandler
                0x0000000008001498                I2C2_EV_IRQHandler
                0x0000000008001498                FPU_IRQHandler
                0x0000000008001498                FDCAN1_IT1_IRQHandler
                0x0000000008001498                TIM1_UP_TIM16_IRQHandler
                0x0000000008001498                ADC1_2_IRQHandler
                0x0000000008001498                SPI1_IRQHandler
                0x0000000008001498                TIM8_UP_IRQHandler
                0x0000000008001498                DMA2_Channel2_IRQHandler
                0x0000000008001498                DMA1_Channel4_IRQHandler
                0x0000000008001498                USART3_IRQHandler
                0x0000000008001498                TIM4_IRQHandler
                0x0000000008001498                DMA2_Channel1_IRQHandler
                0x0000000008001498                I2C1_EV_IRQHandler
                0x0000000008001498                DMA1_Channel6_IRQHandler
                0x0000000008001498                UART4_IRQHandler
                0x0000000008001498                DMA2_Channel4_IRQHandler
                0x0000000008001498                TIM3_IRQHandler
                0x0000000008001498                RCC_IRQHandler
                0x0000000008001498                DMA1_Channel1_IRQHandler
                0x0000000008001498                Default_Handler
                0x0000000008001498                RTC_TAMP_LSECSS_IRQHandler
                0x0000000008001498                FMAC_IRQHandler
                0x0000000008001498                EXTI15_10_IRQHandler
                0x0000000008001498                TIM7_IRQHandler
                0x0000000008001498                UCPD1_IRQHandler
                0x0000000008001498                I2C3_EV_IRQHandler
                0x0000000008001498                EXTI9_5_IRQHandler
                0x0000000008001498                RTC_WKUP_IRQHandler
                0x0000000008001498                PVD_PVM_IRQHandler
                0x0000000008001498                SPI2_IRQHandler
                0x0000000008001498                DMA2_Channel5_IRQHandler
                0x0000000008001498                CRS_IRQHandler
                0x0000000008001498                DMA1_Channel5_IRQHandler
                0x0000000008001498                EXTI4_IRQHandler
                0x0000000008001498                RNG_IRQHandler
                0x0000000008001498                TIM1_TRG_COM_TIM17_IRQHandler
                0x0000000008001498                DMA1_Channel3_IRQHandler
                0x0000000008001498                WWDG_IRQHandler
                0x0000000008001498                LPUART1_IRQHandler
                0x0000000008001498                DMA2_Channel6_IRQHandler
                0x0000000008001498                FDCAN1_IT0_IRQHandler
                0x0000000008001498                TIM2_IRQHandler
                0x0000000008001498                COMP1_2_3_IRQHandler
                0x0000000008001498                EXTI1_IRQHandler
                0x0000000008001498                AES_IRQHandler
                0x0000000008001498                USART2_IRQHandler
                0x0000000008001498                I2C2_ER_IRQHandler
                0x0000000008001498                DMA1_Channel2_IRQHandler
                0x0000000008001498                TIM8_BRK_IRQHandler
                0x0000000008001498                FLASH_IRQHandler
                0x0000000008001498                USART1_IRQHandler
                0x0000000008001498                SPI3_IRQHandler
                0x0000000008001498                I2C1_ER_IRQHandler
                0x0000000008001498                LPTIM1_IRQHandler
                0x0000000008001498                DMAMUX_OVR_IRQHandler
                0x0000000008001498                USBWakeUp_IRQHandler
                0x0000000008001498                SAI1_IRQHandler
                0x0000000008001498                DMA2_Channel3_IRQHandler
                0x0000000008001498                COMP4_IRQHandler
                0x0000000008001498                TIM1_BRK_TIM15_IRQHandler
 .text.HAL_Init
                0x000000000800149a       0x30 ./Drivers/STM32G4xx_HAL_Driver/Src/stm32g4xx_hal.o
                0x000000000800149a                HAL_Init
 *fill*         0x00000000080014ca        0x2 
 .text.HAL_InitTick
                0x00000000080014cc       0x74 ./Drivers/STM32G4xx_HAL_Driver/Src/stm32g4xx_hal.o
                0x00000000080014cc                HAL_InitTick
 .text.HAL_IncTick
                0x0000000008001540       0x24 ./Drivers/STM32G4xx_HAL_Driver/Src/stm32g4xx_hal.o
                0x0000000008001540                HAL_IncTick
 .text.HAL_GetTick
                0x0000000008001564       0x18 ./Drivers/STM32G4xx_HAL_Driver/Src/stm32g4xx_hal.o
                0x0000000008001564                HAL_GetTick
 .text.__NVIC_SetPriorityGrouping
                0x000000000800157c       0x48 ./Drivers/STM32G4xx_HAL_Driver/Src/stm32g4xx_hal_cortex.o
 .text.__NVIC_GetPriorityGrouping
                0x00000000080015c4       0x1c ./Drivers/STM32G4xx_HAL_Driver/Src/stm32g4xx_hal_cortex.o
 .text.__NVIC_EnableIRQ
                0x00000000080015e0       0x3c ./Drivers/STM32G4xx_HAL_Driver/Src/stm32g4xx_hal_cortex.o
 .text.__NVIC_SetPriority
                0x000000000800161c       0x54 ./Drivers/STM32G4xx_HAL_Driver/Src/stm32g4xx_hal_cortex.o
 .text.NVIC_EncodePriority
                0x0000000008001670       0x66 ./Drivers/STM32G4xx_HAL_Driver/Src/stm32g4xx_hal_cortex.o
 *fill*         0x00000000080016d6        0x2 
 .text.SysTick_Config
                0x00000000080016d8       0x44 ./Drivers/STM32G4xx_HAL_Driver/Src/stm32g4xx_hal_cortex.o
 .text.HAL_NVIC_SetPriorityGrouping
                0x000000000800171c       0x16 ./Drivers/STM32G4xx_HAL_Driver/Src/stm32g4xx_hal_cortex.o
                0x000000000800171c                HAL_NVIC_SetPriorityGrouping
 .text.HAL_NVIC_SetPriority
                0x0000000008001732       0x34 ./Drivers/STM32G4xx_HAL_Driver/Src/stm32g4xx_hal_cortex.o
                0x0000000008001732                HAL_NVIC_SetPriority
 .text.HAL_NVIC_EnableIRQ
                0x0000000008001766       0x1c ./Drivers/STM32G4xx_HAL_Driver/Src/stm32g4xx_hal_cortex.o
                0x0000000008001766                HAL_NVIC_EnableIRQ
 .text.HAL_SYSTICK_Config
                0x0000000008001782       0x18 ./Drivers/STM32G4xx_HAL_Driver/Src/stm32g4xx_hal_cortex.o
                0x0000000008001782                HAL_SYSTICK_Config
 *fill*         0x000000000800179a        0x2 
 .text.HAL_GPIO_Init
                0x000000000800179c      0x304 ./Drivers/STM32G4xx_HAL_Driver/Src/stm32g4xx_hal_gpio.o
                0x000000000800179c                HAL_GPIO_Init
 .text.HAL_GPIO_WritePin
                0x0000000008001aa0       0x30 ./Drivers/STM32G4xx_HAL_Driver/Src/stm32g4xx_hal_gpio.o
                0x0000000008001aa0                HAL_GPIO_WritePin
 .text.HAL_PCD_Init
                0x0000000008001ad0      0x1ca ./Drivers/STM32G4xx_HAL_Driver/Src/stm32g4xx_hal_pcd.o
                0x0000000008001ad0                HAL_PCD_Init
 .text.HAL_PCD_Start
                0x0000000008001c9a       0x44 ./Drivers/STM32G4xx_HAL_Driver/Src/stm32g4xx_hal_pcd.o
                0x0000000008001c9a                HAL_PCD_Start
 .text.HAL_PCD_IRQHandler
                0x0000000008001cde      0x24e ./Drivers/STM32G4xx_HAL_Driver/Src/stm32g4xx_hal_pcd.o
                0x0000000008001cde                HAL_PCD_IRQHandler
 .text.HAL_PCD_SetAddress
                0x0000000008001f2c       0x4a ./Drivers/STM32G4xx_HAL_Driver/Src/stm32g4xx_hal_pcd.o
                0x0000000008001f2c                HAL_PCD_SetAddress
 .text.HAL_PCD_EP_Open
                0x0000000008001f76       0xcc ./Drivers/STM32G4xx_HAL_Driver/Src/stm32g4xx_hal_pcd.o
                0x0000000008001f76                HAL_PCD_EP_Open
 .text.HAL_PCD_EP_Close
                0x0000000008002042       0x90 ./Drivers/STM32G4xx_HAL_Driver/Src/stm32g4xx_hal_pcd.o
                0x0000000008002042                HAL_PCD_EP_Close
 .text.HAL_PCD_EP_Receive
                0x00000000080020d2       0x7a ./Drivers/STM32G4xx_HAL_Driver/Src/stm32g4xx_hal_pcd.o
                0x00000000080020d2                HAL_PCD_EP_Receive
 .text.HAL_PCD_EP_GetRxCount
                0x000000000800214c       0x30 ./Drivers/STM32G4xx_HAL_Driver/Src/stm32g4xx_hal_pcd.o
                0x000000000800214c                HAL_PCD_EP_GetRxCount
 .text.HAL_PCD_EP_Transmit
                0x000000000800217c       0x86 ./Drivers/STM32G4xx_HAL_Driver/Src/stm32g4xx_hal_pcd.o
                0x000000000800217c                HAL_PCD_EP_Transmit
 .text.HAL_PCD_EP_SetStall
                0x0000000008002202       0xa4 ./Drivers/STM32G4xx_HAL_Driver/Src/stm32g4xx_hal_pcd.o
                0x0000000008002202                HAL_PCD_EP_SetStall
 .text.HAL_PCD_EP_ClrStall
                0x00000000080022a6       0xa8 ./Drivers/STM32G4xx_HAL_Driver/Src/stm32g4xx_hal_pcd.o
                0x00000000080022a6                HAL_PCD_EP_ClrStall
 .text.PCD_EP_ISR_Handler
                0x000000000800234e      0x760 ./Drivers/STM32G4xx_HAL_Driver/Src/stm32g4xx_hal_pcd.o
 .text.HAL_PCD_EP_DB_Receive
                0x0000000008002aae      0x212 ./Drivers/STM32G4xx_HAL_Driver/Src/stm32g4xx_hal_pcd.o
 .text.HAL_PCD_EP_DB_Transmit
                0x0000000008002cc0      0x79c ./Drivers/STM32G4xx_HAL_Driver/Src/stm32g4xx_hal_pcd.o
 .text.HAL_PCDEx_PMAConfig
                0x000000000800345c       0x86 ./Drivers/STM32G4xx_HAL_Driver/Src/stm32g4xx_hal_pcd_ex.o
                0x000000000800345c                HAL_PCDEx_PMAConfig
 .text.HAL_PCDEx_ActivateLPM
                0x00000000080034e2       0x54 ./Drivers/STM32G4xx_HAL_Driver/Src/stm32g4xx_hal_pcd_ex.o
                0x00000000080034e2                HAL_PCDEx_ActivateLPM
 *fill*         0x0000000008003536        0x2 
 .text.HAL_PWREx_ControlVoltageScaling
                0x0000000008003538      0x148 ./Drivers/STM32G4xx_HAL_Driver/Src/stm32g4xx_hal_pwr_ex.o
                0x0000000008003538                HAL_PWREx_ControlVoltageScaling
 .text.HAL_PWREx_DisableUCPDDeadBattery
                0x0000000008003680       0x20 ./Drivers/STM32G4xx_HAL_Driver/Src/stm32g4xx_hal_pwr_ex.o
                0x0000000008003680                HAL_PWREx_DisableUCPDDeadBattery
 .text.HAL_RCC_OscConfig
                0x00000000080036a0      0x630 ./Drivers/STM32G4xx_HAL_Driver/Src/stm32g4xx_hal_rcc.o
                0x00000000080036a0                HAL_RCC_OscConfig
 .text.HAL_RCC_ClockConfig
                0x0000000008003cd0      0x278 ./Drivers/STM32G4xx_HAL_Driver/Src/stm32g4xx_hal_rcc.o
                0x0000000008003cd0                HAL_RCC_ClockConfig
 .text.HAL_RCC_GetSysClockFreq
                0x0000000008003f48       0xc4 ./Drivers/STM32G4xx_HAL_Driver/Src/stm32g4xx_hal_rcc.o
                0x0000000008003f48                HAL_RCC_GetSysClockFreq
 .text.RCC_GetSysClockFreqFromPLLSource
                0x000000000800400c       0x8c ./Drivers/STM32G4xx_HAL_Driver/Src/stm32g4xx_hal_rcc.o
 .text.HAL_RCCEx_PeriphCLKConfig
                0x0000000008004098      0x3e0 ./Drivers/STM32G4xx_HAL_Driver/Src/stm32g4xx_hal_rcc_ex.o
                0x0000000008004098                HAL_RCCEx_PeriphCLKConfig
 .text.HAL_TIM_Base_Init
                0x0000000008004478       0xae ./Drivers/STM32G4xx_HAL_Driver/Src/stm32g4xx_hal_tim.o
                0x0000000008004478                HAL_TIM_Base_Init
 *fill*         0x0000000008004526        0x2 
 .text.HAL_TIM_Base_Start_IT
                0x0000000008004528       0xd4 ./Drivers/STM32G4xx_HAL_Driver/Src/stm32g4xx_hal_tim.o
                0x0000000008004528                HAL_TIM_Base_Start_IT
 .text.HAL_TIM_PWM_Init
                0x00000000080045fc       0xae ./Drivers/STM32G4xx_HAL_Driver/Src/stm32g4xx_hal_tim.o
                0x00000000080045fc                HAL_TIM_PWM_Init
 *fill*         0x00000000080046aa        0x2 
 .text.HAL_TIM_PWM_Start
                0x00000000080046ac      0x200 ./Drivers/STM32G4xx_HAL_Driver/Src/stm32g4xx_hal_tim.o
                0x00000000080046ac                HAL_TIM_PWM_Start
 .text.HAL_TIM_Encoder_Init
                0x00000000080048ac      0x14c ./Drivers/STM32G4xx_HAL_Driver/Src/stm32g4xx_hal_tim.o
                0x00000000080048ac                HAL_TIM_Encoder_Init
 .text.HAL_TIM_Encoder_Start
                0x00000000080049f8      0x11c ./Drivers/STM32G4xx_HAL_Driver/Src/stm32g4xx_hal_tim.o
                0x00000000080049f8                HAL_TIM_Encoder_Start
 .text.HAL_TIM_IRQHandler
                0x0000000008004b14      0x2fe ./Drivers/STM32G4xx_HAL_Driver/Src/stm32g4xx_hal_tim.o
                0x0000000008004b14                HAL_TIM_IRQHandler
 *fill*         0x0000000008004e12        0x2 
 .text.HAL_TIM_PWM_ConfigChannel
                0x0000000008004e14      0x228 ./Drivers/STM32G4xx_HAL_Driver/Src/stm32g4xx_hal_tim.o
                0x0000000008004e14                HAL_TIM_PWM_ConfigChannel
 .text.HAL_TIM_OC_DelayElapsedCallback
                0x000000000800503c       0x14 ./Drivers/STM32G4xx_HAL_Driver/Src/stm32g4xx_hal_tim.o
                0x000000000800503c                HAL_TIM_OC_DelayElapsedCallback
 .text.HAL_TIM_IC_CaptureCallback
                0x0000000008005050       0x14 ./Drivers/STM32G4xx_HAL_Driver/Src/stm32g4xx_hal_tim.o
                0x0000000008005050                HAL_TIM_IC_CaptureCallback
 .text.HAL_TIM_PWM_PulseFinishedCallback
                0x0000000008005064       0x14 ./Drivers/STM32G4xx_HAL_Driver/Src/stm32g4xx_hal_tim.o
                0x0000000008005064                HAL_TIM_PWM_PulseFinishedCallback
 .text.HAL_TIM_TriggerCallback
                0x0000000008005078       0x14 ./Drivers/STM32G4xx_HAL_Driver/Src/stm32g4xx_hal_tim.o
                0x0000000008005078                HAL_TIM_TriggerCallback
 .text.TIM_Base_SetConfig
                0x000000000800508c      0x120 ./Drivers/STM32G4xx_HAL_Driver/Src/stm32g4xx_hal_tim.o
                0x000000000800508c                TIM_Base_SetConfig
 .text.TIM_OC1_SetConfig
                0x00000000080051ac      0x120 ./Drivers/STM32G4xx_HAL_Driver/Src/stm32g4xx_hal_tim.o
 .text.TIM_OC2_SetConfig
                0x00000000080052cc      0x114 ./Drivers/STM32G4xx_HAL_Driver/Src/stm32g4xx_hal_tim.o
                0x00000000080052cc                TIM_OC2_SetConfig
 .text.TIM_OC3_SetConfig
                0x00000000080053e0      0x110 ./Drivers/STM32G4xx_HAL_Driver/Src/stm32g4xx_hal_tim.o
 .text.TIM_OC4_SetConfig
                0x00000000080054f0      0x114 ./Drivers/STM32G4xx_HAL_Driver/Src/stm32g4xx_hal_tim.o
 .text.TIM_OC5_SetConfig
                0x0000000008005604       0xc8 ./Drivers/STM32G4xx_HAL_Driver/Src/stm32g4xx_hal_tim.o
 .text.TIM_OC6_SetConfig
                0x00000000080056cc       0xcc ./Drivers/STM32G4xx_HAL_Driver/Src/stm32g4xx_hal_tim.o
 .text.TIM_CCxChannelCmd
                0x0000000008005798       0x4a ./Drivers/STM32G4xx_HAL_Driver/Src/stm32g4xx_hal_tim.o
                0x0000000008005798                TIM_CCxChannelCmd
 *fill*         0x00000000080057e2        0x2 
 .text.HAL_TIMEx_MasterConfigSynchronization
                0x00000000080057e4      0x104 ./Drivers/STM32G4xx_HAL_Driver/Src/stm32g4xx_hal_tim_ex.o
                0x00000000080057e4                HAL_TIMEx_MasterConfigSynchronization
 .text.HAL_TIMEx_ConfigBreakDeadTime
                0x00000000080058e8      0x140 ./Drivers/STM32G4xx_HAL_Driver/Src/stm32g4xx_hal_tim_ex.o
                0x00000000080058e8                HAL_TIMEx_ConfigBreakDeadTime
 .text.HAL_TIMEx_CommutCallback
                0x0000000008005a28       0x14 ./Drivers/STM32G4xx_HAL_Driver/Src/stm32g4xx_hal_tim_ex.o
                0x0000000008005a28                HAL_TIMEx_CommutCallback
 .text.HAL_TIMEx_BreakCallback
                0x0000000008005a3c       0x14 ./Drivers/STM32G4xx_HAL_Driver/Src/stm32g4xx_hal_tim_ex.o
                0x0000000008005a3c                HAL_TIMEx_BreakCallback
 .text.HAL_TIMEx_Break2Callback
                0x0000000008005a50       0x14 ./Drivers/STM32G4xx_HAL_Driver/Src/stm32g4xx_hal_tim_ex.o
                0x0000000008005a50                HAL_TIMEx_Break2Callback
 .text.HAL_TIMEx_EncoderIndexCallback
                0x0000000008005a64       0x14 ./Drivers/STM32G4xx_HAL_Driver/Src/stm32g4xx_hal_tim_ex.o
                0x0000000008005a64                HAL_TIMEx_EncoderIndexCallback
 .text.HAL_TIMEx_DirectionChangeCallback
                0x0000000008005a78       0x14 ./Drivers/STM32G4xx_HAL_Driver/Src/stm32g4xx_hal_tim_ex.o
                0x0000000008005a78                HAL_TIMEx_DirectionChangeCallback
 .text.HAL_TIMEx_IndexErrorCallback
                0x0000000008005a8c       0x14 ./Drivers/STM32G4xx_HAL_Driver/Src/stm32g4xx_hal_tim_ex.o
                0x0000000008005a8c                HAL_TIMEx_IndexErrorCallback
 .text.HAL_TIMEx_TransitionErrorCallback
                0x0000000008005aa0       0x14 ./Drivers/STM32G4xx_HAL_Driver/Src/stm32g4xx_hal_tim_ex.o
                0x0000000008005aa0                HAL_TIMEx_TransitionErrorCallback
 .text.USB_EnableGlobalInt
                0x0000000008005ab4       0x2e ./Drivers/STM32G4xx_HAL_Driver/Src/stm32g4xx_ll_usb.o
                0x0000000008005ab4                USB_EnableGlobalInt
 .text.USB_DisableGlobalInt
                0x0000000008005ae2       0x36 ./Drivers/STM32G4xx_HAL_Driver/Src/stm32g4xx_ll_usb.o
                0x0000000008005ae2                USB_DisableGlobalInt
 .text.USB_DevInit
                0x0000000008005b18       0x42 ./Drivers/STM32G4xx_HAL_Driver/Src/stm32g4xx_ll_usb.o
                0x0000000008005b18                USB_DevInit
 *fill*         0x0000000008005b5a        0x2 
 .text.USB_ActivateEndpoint
                0x0000000008005b5c      0x728 ./Drivers/STM32G4xx_HAL_Driver/Src/stm32g4xx_ll_usb.o
                0x0000000008005b5c                USB_ActivateEndpoint
 .text.USB_DeactivateEndpoint
                0x0000000008006284      0x3da ./Drivers/STM32G4xx_HAL_Driver/Src/stm32g4xx_ll_usb.o
                0x0000000008006284                USB_DeactivateEndpoint
 .text.USB_EPStartXfer
                0x000000000800665e     0x166c ./Drivers/STM32G4xx_HAL_Driver/Src/stm32g4xx_ll_usb.o
                0x000000000800665e                USB_EPStartXfer
 .text.USB_EPSetStall
                0x0000000008007cca       0xa2 ./Drivers/STM32G4xx_HAL_Driver/Src/stm32g4xx_ll_usb.o
                0x0000000008007cca                USB_EPSetStall
 .text.USB_EPClearStall
                0x0000000008007d6c      0x15c ./Drivers/STM32G4xx_HAL_Driver/Src/stm32g4xx_ll_usb.o
                0x0000000008007d6c                USB_EPClearStall
 .text.USB_SetDevAddress
                0x0000000008007ec8       0x28 ./Drivers/STM32G4xx_HAL_Driver/Src/stm32g4xx_ll_usb.o
                0x0000000008007ec8                USB_SetDevAddress
 .text.USB_DevConnect
                0x0000000008007ef0       0x2e ./Drivers/STM32G4xx_HAL_Driver/Src/stm32g4xx_ll_usb.o
                0x0000000008007ef0                USB_DevConnect
 .text.USB_ReadInterrupts
                0x0000000008007f1e       0x20 ./Drivers/STM32G4xx_HAL_Driver/Src/stm32g4xx_ll_usb.o
                0x0000000008007f1e                USB_ReadInterrupts
 .text.USB_WritePMA
                0x0000000008007f3e       0x84 ./Drivers/STM32G4xx_HAL_Driver/Src/stm32g4xx_ll_usb.o
                0x0000000008007f3e                USB_WritePMA
 .text.USB_ReadPMA
                0x0000000008007fc2       0x98 ./Drivers/STM32G4xx_HAL_Driver/Src/stm32g4xx_ll_usb.o
                0x0000000008007fc2                USB_ReadPMA
 .text.USBD_CDC_Init
                0x000000000800805a       0xfe ./Middlewares/ST/STM32_USB_Device_Library/Class/CDC/Src/usbd_cdc.o
 .text.USBD_CDC_DeInit
                0x0000000008008158       0x74 ./Middlewares/ST/STM32_USB_Device_Library/Class/CDC/Src/usbd_cdc.o
 .text.USBD_CDC_Setup
                0x00000000080081cc      0x190 ./Middlewares/ST/STM32_USB_Device_Library/Class/CDC/Src/usbd_cdc.o
 .text.USBD_CDC_DataIn
                0x000000000800835c       0xca ./Middlewares/ST/STM32_USB_Device_Library/Class/CDC/Src/usbd_cdc.o
 .text.USBD_CDC_DataOut
                0x0000000008008426       0x56 ./Middlewares/ST/STM32_USB_Device_Library/Class/CDC/Src/usbd_cdc.o
 .text.USBD_CDC_EP0_RxReady
                0x000000000800847c       0x5a ./Middlewares/ST/STM32_USB_Device_Library/Class/CDC/Src/usbd_cdc.o
 *fill*         0x00000000080084d6        0x2 
 .text.USBD_CDC_GetFSCfgDesc
                0x00000000080084d8       0x20 ./Middlewares/ST/STM32_USB_Device_Library/Class/CDC/Src/usbd_cdc.o
 .text.USBD_CDC_GetHSCfgDesc
                0x00000000080084f8       0x20 ./Middlewares/ST/STM32_USB_Device_Library/Class/CDC/Src/usbd_cdc.o
 .text.USBD_CDC_GetOtherSpeedCfgDesc
                0x0000000008008518       0x20 ./Middlewares/ST/STM32_USB_Device_Library/Class/CDC/Src/usbd_cdc.o
 .text.USBD_CDC_GetDeviceQualifierDescriptor
                0x0000000008008538       0x20 ./Middlewares/ST/STM32_USB_Device_Library/Class/CDC/Src/usbd_cdc.o
                0x0000000008008538                USBD_CDC_GetDeviceQualifierDescriptor
 .text.USBD_CDC_RegisterInterface
                0x0000000008008558       0x2a ./Middlewares/ST/STM32_USB_Device_Library/Class/CDC/Src/usbd_cdc.o
                0x0000000008008558                USBD_CDC_RegisterInterface
 .text.USBD_CDC_SetTxBuffer
                0x0000000008008582       0x3c ./Middlewares/ST/STM32_USB_Device_Library/Class/CDC/Src/usbd_cdc.o
                0x0000000008008582                USBD_CDC_SetTxBuffer
 .text.USBD_CDC_SetRxBuffer
                0x00000000080085be       0x32 ./Middlewares/ST/STM32_USB_Device_Library/Class/CDC/Src/usbd_cdc.o
                0x00000000080085be                USBD_CDC_SetRxBuffer
 .text.USBD_CDC_TransmitPacket
                0x00000000080085f0       0x60 ./Middlewares/ST/STM32_USB_Device_Library/Class/CDC/Src/usbd_cdc.o
                0x00000000080085f0                USBD_CDC_TransmitPacket
 .text.USBD_CDC_ReceivePacket
                0x0000000008008650       0x54 ./Middlewares/ST/STM32_USB_Device_Library/Class/CDC/Src/usbd_cdc.o
                0x0000000008008650                USBD_CDC_ReceivePacket
 .text.USBD_Init
                0x00000000080086a4       0x60 ./Middlewares/ST/STM32_USB_Device_Library/Core/Src/usbd_core.o
                0x00000000080086a4                USBD_Init
 .text.USBD_RegisterClass
                0x0000000008008704       0x4e ./Middlewares/ST/STM32_USB_Device_Library/Core/Src/usbd_core.o
                0x0000000008008704                USBD_RegisterClass
 .text.USBD_Start
                0x0000000008008752       0x18 ./Middlewares/ST/STM32_USB_Device_Library/Core/Src/usbd_core.o
                0x0000000008008752                USBD_Start
 .text.USBD_RunTestMode
                0x000000000800876a       0x16 ./Middlewares/ST/STM32_USB_Device_Library/Core/Src/usbd_core.o
                0x000000000800876a                USBD_RunTestMode
 .text.USBD_SetClassConfig
                0x0000000008008780       0x38 ./Middlewares/ST/STM32_USB_Device_Library/Core/Src/usbd_core.o
                0x0000000008008780                USBD_SetClassConfig
 .text.USBD_ClrClassConfig
                0x00000000080087b8       0x30 ./Middlewares/ST/STM32_USB_Device_Library/Core/Src/usbd_core.o
                0x00000000080087b8                USBD_ClrClassConfig
 .text.USBD_LL_SetupStage
                0x00000000080087e8       0xaa ./Middlewares/ST/STM32_USB_Device_Library/Core/Src/usbd_core.o
                0x00000000080087e8                USBD_LL_SetupStage
 .text.USBD_LL_DataOutStage
                0x0000000008008892       0xc6 ./Middlewares/ST/STM32_USB_Device_Library/Core/Src/usbd_core.o
                0x0000000008008892                USBD_LL_DataOutStage
 .text.USBD_LL_DataInStage
                0x0000000008008958      0x12c ./Middlewares/ST/STM32_USB_Device_Library/Core/Src/usbd_core.o
                0x0000000008008958                USBD_LL_DataInStage
 .text.USBD_LL_Reset
                0x0000000008008a84       0x9c ./Middlewares/ST/STM32_USB_Device_Library/Core/Src/usbd_core.o
                0x0000000008008a84                USBD_LL_Reset
 .text.USBD_LL_SetSpeed
                0x0000000008008b20       0x20 ./Middlewares/ST/STM32_USB_Device_Library/Core/Src/usbd_core.o
                0x0000000008008b20                USBD_LL_SetSpeed
 .text.USBD_LL_Suspend
                0x0000000008008b40       0x2c ./Middlewares/ST/STM32_USB_Device_Library/Core/Src/usbd_core.o
                0x0000000008008b40                USBD_LL_Suspend
 .text.USBD_LL_Resume
                0x0000000008008b6c       0x30 ./Middlewares/ST/STM32_USB_Device_Library/Core/Src/usbd_core.o
                0x0000000008008b6c                USBD_LL_Resume
 .text.USBD_LL_SOF
                0x0000000008008b9c       0x44 ./Middlewares/ST/STM32_USB_Device_Library/Core/Src/usbd_core.o
                0x0000000008008b9c                USBD_LL_SOF
 .text.SWAPBYTE
                0x0000000008008be0       0x3c ./Middlewares/ST/STM32_USB_Device_Library/Core/Src/usbd_ctlreq.o
 .text.USBD_StdDevReq
                0x0000000008008c1c       0xdc ./Middlewares/ST/STM32_USB_Device_Library/Core/Src/usbd_ctlreq.o
                0x0000000008008c1c                USBD_StdDevReq
 .text.USBD_StdItfReq
                0x0000000008008cf8       0x92 ./Middlewares/ST/STM32_USB_Device_Library/Core/Src/usbd_ctlreq.o
                0x0000000008008cf8                USBD_StdItfReq
 .text.USBD_StdEPReq
                0x0000000008008d8a      0x2c4 ./Middlewares/ST/STM32_USB_Device_Library/Core/Src/usbd_ctlreq.o
                0x0000000008008d8a                USBD_StdEPReq
 *fill*         0x000000000800904e        0x2 
 .text.USBD_GetDescriptor
                0x0000000008009050      0x328 ./Middlewares/ST/STM32_USB_Device_Library/Core/Src/usbd_ctlreq.o
 .text.USBD_SetAddress
                0x0000000008009378       0x88 ./Middlewares/ST/STM32_USB_Device_Library/Core/Src/usbd_ctlreq.o
 .text.USBD_SetConfig
                0x0000000008009400      0x14c ./Middlewares/ST/STM32_USB_Device_Library/Core/Src/usbd_ctlreq.o
 .text.USBD_GetConfig
                0x000000000800954c       0x6c ./Middlewares/ST/STM32_USB_Device_Library/Core/Src/usbd_ctlreq.o
 .text.USBD_GetStatus
                0x00000000080095b8       0x68 ./Middlewares/ST/STM32_USB_Device_Library/Core/Src/usbd_ctlreq.o
 .text.USBD_SetFeature
                0x0000000008009620       0x28 ./Middlewares/ST/STM32_USB_Device_Library/Core/Src/usbd_ctlreq.o
 .text.USBD_ClrFeature
                0x0000000008009648       0x44 ./Middlewares/ST/STM32_USB_Device_Library/Core/Src/usbd_ctlreq.o
 .text.USBD_ParseSetupRequest
                0x000000000800968c       0x74 ./Middlewares/ST/STM32_USB_Device_Library/Core/Src/usbd_ctlreq.o
                0x000000000800968c                USBD_ParseSetupRequest
 .text.USBD_CtlError
                0x0000000008009700       0x22 ./Middlewares/ST/STM32_USB_Device_Library/Core/Src/usbd_ctlreq.o
                0x0000000008009700                USBD_CtlError
 .text.USBD_GetString
                0x0000000008009722       0x8c ./Middlewares/ST/STM32_USB_Device_Library/Core/Src/usbd_ctlreq.o
                0x0000000008009722                USBD_GetString
 .text.USBD_GetLen
                0x00000000080097ae       0x34 ./Middlewares/ST/STM32_USB_Device_Library/Core/Src/usbd_ctlreq.o
 .text.USBD_CtlSendData
                0x00000000080097e2       0x36 ./Middlewares/ST/STM32_USB_Device_Library/Core/Src/usbd_ioreq.o
                0x00000000080097e2                USBD_CtlSendData
 .text.USBD_CtlContinueSendData
                0x0000000008009818       0x22 ./Middlewares/ST/STM32_USB_Device_Library/Core/Src/usbd_ioreq.o
                0x0000000008009818                USBD_CtlContinueSendData
 .text.USBD_CtlPrepareRx
                0x000000000800983a       0x3a ./Middlewares/ST/STM32_USB_Device_Library/Core/Src/usbd_ioreq.o
                0x000000000800983a                USBD_CtlPrepareRx
 .text.USBD_CtlContinueRx
                0x0000000008009874       0x22 ./Middlewares/ST/STM32_USB_Device_Library/Core/Src/usbd_ioreq.o
                0x0000000008009874                USBD_CtlContinueRx
 .text.USBD_CtlSendStatus
                0x0000000008009896       0x26 ./Middlewares/ST/STM32_USB_Device_Library/Core/Src/usbd_ioreq.o
                0x0000000008009896                USBD_CtlSendStatus
 .text.USBD_CtlReceiveStatus
                0x00000000080098bc       0x26 ./Middlewares/ST/STM32_USB_Device_Library/Core/Src/usbd_ioreq.o
                0x00000000080098bc                USBD_CtlReceiveStatus
 *fill*         0x00000000080098e2        0x2 
 .text.MX_USB_Device_Init
                0x00000000080098e4       0x60 ./USB_Device/App/usb_device.o
                0x00000000080098e4                MX_USB_Device_Init
 .text.CDC_Init_FS
                0x0000000008009944       0x28 ./USB_Device/App/usbd_cdc_if.o
 .text.CDC_DeInit_FS
                0x000000000800996c       0x10 ./USB_Device/App/usbd_cdc_if.o
 .text.CDC_Control_FS
                0x000000000800997c       0xbc ./USB_Device/App/usbd_cdc_if.o
 .text.CDC_Receive_FS
                0x0000000008009a38       0x30 ./USB_Device/App/usbd_cdc_if.o
 .text.CDC_Transmit_FS
                0x0000000008009a68       0x4c ./USB_Device/App/usbd_cdc_if.o
                0x0000000008009a68                CDC_Transmit_FS
 .text.CDC_TransmitCplt_FS
                0x0000000008009ab4       0x22 ./USB_Device/App/usbd_cdc_if.o
 *fill*         0x0000000008009ad6        0x2 
 .text.USBD_CDC_DeviceDescriptor
                0x0000000008009ad8       0x24 ./USB_Device/App/usbd_desc.o
                0x0000000008009ad8                USBD_CDC_DeviceDescriptor
 .text.USBD_CDC_LangIDStrDescriptor
                0x0000000008009afc       0x24 ./USB_Device/App/usbd_desc.o
                0x0000000008009afc                USBD_CDC_LangIDStrDescriptor
 .text.USBD_CDC_ProductStrDescriptor
                0x0000000008009b20       0x3c ./USB_Device/App/usbd_desc.o
                0x0000000008009b20                USBD_CDC_ProductStrDescriptor
 .text.USBD_CDC_ManufacturerStrDescriptor
                0x0000000008009b5c       0x28 ./USB_Device/App/usbd_desc.o
                0x0000000008009b5c                USBD_CDC_ManufacturerStrDescriptor
 .text.USBD_CDC_SerialStrDescriptor
                0x0000000008009b84       0x24 ./USB_Device/App/usbd_desc.o
                0x0000000008009b84                USBD_CDC_SerialStrDescriptor
 .text.USBD_CDC_ConfigStrDescriptor
                0x0000000008009ba8       0x3c ./USB_Device/App/usbd_desc.o
                0x0000000008009ba8                USBD_CDC_ConfigStrDescriptor
 .text.USBD_CDC_InterfaceStrDescriptor
                0x0000000008009be4       0x3c ./USB_Device/App/usbd_desc.o
                0x0000000008009be4                USBD_CDC_InterfaceStrDescriptor
 .text.Get_SerialNum
                0x0000000008009c20       0x58 ./USB_Device/App/usbd_desc.o
 .text.IntToUnicode
                0x0000000008009c78       0x7e ./USB_Device/App/usbd_desc.o
 *fill*         0x0000000008009cf6        0x2 
 .text.HAL_PCD_MspInit
                0x0000000008009cf8       0x78 ./USB_Device/Target/usbd_conf.o
                0x0000000008009cf8                HAL_PCD_MspInit
 .text.HAL_PCD_SetupStageCallback
                0x0000000008009d70       0x24 ./USB_Device/Target/usbd_conf.o
                0x0000000008009d70                HAL_PCD_SetupStageCallback
 .text.HAL_PCD_DataOutStageCallback
                0x0000000008009d94       0x36 ./USB_Device/Target/usbd_conf.o
                0x0000000008009d94                HAL_PCD_DataOutStageCallback
 .text.HAL_PCD_DataInStageCallback
                0x0000000008009dca       0x34 ./USB_Device/Target/usbd_conf.o
                0x0000000008009dca                HAL_PCD_DataInStageCallback
 .text.HAL_PCD_SOFCallback
                0x0000000008009dfe       0x1c ./USB_Device/Target/usbd_conf.o
                0x0000000008009dfe                HAL_PCD_SOFCallback
 .text.HAL_PCD_ResetCallback
                0x0000000008009e1a       0x3c ./USB_Device/Target/usbd_conf.o
                0x0000000008009e1a                HAL_PCD_ResetCallback
 *fill*         0x0000000008009e56        0x2 
 .text.HAL_PCD_SuspendCallback
                0x0000000008009e58       0x34 ./USB_Device/Target/usbd_conf.o
                0x0000000008009e58                HAL_PCD_SuspendCallback
 .text.HAL_PCD_ResumeCallback
                0x0000000008009e8c       0x38 ./USB_Device/Target/usbd_conf.o
                0x0000000008009e8c                HAL_PCD_ResumeCallback
 .text.USBD_LL_Init
                0x0000000008009ec4       0xc0 ./USB_Device/Target/usbd_conf.o
                0x0000000008009ec4                USBD_LL_Init
 .text.USBD_LL_Start
                0x0000000008009f84       0x36 ./USB_Device/Target/usbd_conf.o
                0x0000000008009f84                USBD_LL_Start
 .text.USBD_LL_OpenEP
                0x0000000008009fba       0x4c ./USB_Device/Target/usbd_conf.o
                0x0000000008009fba                USBD_LL_OpenEP
 .text.USBD_LL_CloseEP
                0x000000000800a006       0x3e ./USB_Device/Target/usbd_conf.o
                0x000000000800a006                USBD_LL_CloseEP
 .text.USBD_LL_StallEP
                0x000000000800a044       0x3e ./USB_Device/Target/usbd_conf.o
                0x000000000800a044                USBD_LL_StallEP
 .text.USBD_LL_ClearStallEP
                0x000000000800a082       0x3e ./USB_Device/Target/usbd_conf.o
                0x000000000800a082                USBD_LL_ClearStallEP
 .text.USBD_LL_IsStallEP
                0x000000000800a0c0       0x5a ./USB_Device/Target/usbd_conf.o
                0x000000000800a0c0                USBD_LL_IsStallEP
 .text.USBD_LL_SetUSBAddress
                0x000000000800a11a       0x3e ./USB_Device/Target/usbd_conf.o
                0x000000000800a11a                USBD_LL_SetUSBAddress
 .text.USBD_LL_Transmit
                0x000000000800a158       0x42 ./USB_Device/Target/usbd_conf.o
                0x000000000800a158                USBD_LL_Transmit
 .text.USBD_LL_PrepareReceive
                0x000000000800a19a       0x42 ./USB_Device/Target/usbd_conf.o
                0x000000000800a19a                USBD_LL_PrepareReceive
 .text.USBD_LL_GetRxDataSize
                0x000000000800a1dc       0x26 ./USB_Device/Target/usbd_conf.o
                0x000000000800a1dc                USBD_LL_GetRxDataSize
 *fill*         0x000000000800a202        0x2 
 .text.HAL_PCDEx_LPM_Callback
                0x000000000800a204       0x6c ./USB_Device/Target/usbd_conf.o
                0x000000000800a204                HAL_PCDEx_LPM_Callback
 .text.USBD_static_malloc
                0x000000000800a270       0x1c ./USB_Device/Target/usbd_conf.o
                0x000000000800a270                USBD_static_malloc
 .text.USBD_static_free
                0x000000000800a28c       0x14 ./USB_Device/Target/usbd_conf.o
                0x000000000800a28c                USBD_static_free
 .text.SystemClockConfig_Resume
                0x000000000800a2a0        0xc ./USB_Device/Target/usbd_conf.o
 .text.USBD_Get_USB_Status
                0x000000000800a2ac       0x58 ./USB_Device/Target/usbd_conf.o
 .text.__libc_init_array
                0x000000000800a304       0x48 c:/st/stm32cubeide_1.11.0/stm32cubeide/plugins/com.st.stm32cube.ide.mcu.externaltools.gnu-tools-for-stm32.10.3-2021.10.win32_1.0.100.202210260954/tools/bin/../lib/gcc/arm-none-eabi/10.3.1/../../../../arm-none-eabi/lib/thumb/v7e-m+fp/hard\libc_nano.a(lib_a-init.o)
                0x000000000800a304                __libc_init_array
 .text.memcpy   0x000000000800a34c       0x1c c:/st/stm32cubeide_1.11.0/stm32cubeide/plugins/com.st.stm32cube.ide.mcu.externaltools.gnu-tools-for-stm32.10.3-2021.10.win32_1.0.100.202210260954/tools/bin/../lib/gcc/arm-none-eabi/10.3.1/../../../../arm-none-eabi/lib/thumb/v7e-m+fp/hard\libc_nano.a(lib_a-memcpy-stub.o)
                0x000000000800a34c                memcpy
 .text.memset   0x000000000800a368       0x10 c:/st/stm32cubeide_1.11.0/stm32cubeide/plugins/com.st.stm32cube.ide.mcu.externaltools.gnu-tools-for-stm32.10.3-2021.10.win32_1.0.100.202210260954/tools/bin/../lib/gcc/arm-none-eabi/10.3.1/../../../../arm-none-eabi/lib/thumb/v7e-m+fp/hard\libc_nano.a(lib_a-memset.o)
                0x000000000800a368                memset
 *(.glue_7)
 .glue_7        0x000000000800a378        0x0 linker stubs
 *(.glue_7t)
 .glue_7t       0x000000000800a378        0x0 linker stubs
 *(.eh_frame)
 .eh_frame      0x000000000800a378        0x0 c:/st/stm32cubeide_1.11.0/stm32cubeide/plugins/com.st.stm32cube.ide.mcu.externaltools.gnu-tools-for-stm32.10.3-2021.10.win32_1.0.100.202210260954/tools/bin/../lib/gcc/arm-none-eabi/10.3.1/thumb/v7e-m+fp/hard/crtbegin.o
 *(.init)
 .init          0x000000000800a378        0x4 c:/st/stm32cubeide_1.11.0/stm32cubeide/plugins/com.st.stm32cube.ide.mcu.externaltools.gnu-tools-for-stm32.10.3-2021.10.win32_1.0.100.202210260954/tools/bin/../lib/gcc/arm-none-eabi/10.3.1/thumb/v7e-m+fp/hard/crti.o
                0x000000000800a378                _init
 .init          0x000000000800a37c        0x8 c:/st/stm32cubeide_1.11.0/stm32cubeide/plugins/com.st.stm32cube.ide.mcu.externaltools.gnu-tools-for-stm32.10.3-2021.10.win32_1.0.100.202210260954/tools/bin/../lib/gcc/arm-none-eabi/10.3.1/thumb/v7e-m+fp/hard/crtn.o
 *(.fini)
 .fini          0x000000000800a384        0x4 c:/st/stm32cubeide_1.11.0/stm32cubeide/plugins/com.st.stm32cube.ide.mcu.externaltools.gnu-tools-for-stm32.10.3-2021.10.win32_1.0.100.202210260954/tools/bin/../lib/gcc/arm-none-eabi/10.3.1/thumb/v7e-m+fp/hard/crti.o
                0x000000000800a384                _fini
 .fini          0x000000000800a388        0x8 c:/st/stm32cubeide_1.11.0/stm32cubeide/plugins/com.st.stm32cube.ide.mcu.externaltools.gnu-tools-for-stm32.10.3-2021.10.win32_1.0.100.202210260954/tools/bin/../lib/gcc/arm-none-eabi/10.3.1/thumb/v7e-m+fp/hard/crtn.o
                0x000000000800a390                . = ALIGN (0x4)
                0x000000000800a390                _etext = .

.vfp11_veneer   0x000000000800a390        0x0
 .vfp11_veneer  0x000000000800a390        0x0 linker stubs

.v4_bx          0x000000000800a390        0x0
 .v4_bx         0x000000000800a390        0x0 linker stubs

.iplt           0x000000000800a390        0x0
 .iplt          0x000000000800a390        0x0 c:/st/stm32cubeide_1.11.0/stm32cubeide/plugins/com.st.stm32cube.ide.mcu.externaltools.gnu-tools-for-stm32.10.3-2021.10.win32_1.0.100.202210260954/tools/bin/../lib/gcc/arm-none-eabi/10.3.1/thumb/v7e-m+fp/hard/crtbegin.o

.rodata         0x000000000800a390       0x58
                0x000000000800a390                . = ALIGN (0x4)
 *(.rodata)
 .rodata        0x000000000800a390       0x46 ./USB_Device/App/usbd_desc.o
 *(.rodata*)
 *fill*         0x000000000800a3d6        0x2 
 .rodata.AHBPrescTable
                0x000000000800a3d8       0x10 ./Core/Src/system_stm32g4xx.o
                0x000000000800a3d8                AHBPrescTable
                0x000000000800a3e8                . = ALIGN (0x4)

.rel.dyn        0x000000000800a3e8        0x0
 .rel.iplt      0x000000000800a3e8        0x0 c:/st/stm32cubeide_1.11.0/stm32cubeide/plugins/com.st.stm32cube.ide.mcu.externaltools.gnu-tools-for-stm32.10.3-2021.10.win32_1.0.100.202210260954/tools/bin/../lib/gcc/arm-none-eabi/10.3.1/thumb/v7e-m+fp/hard/crtbegin.o

.ARM.extab      0x000000000800a3e8        0x0
                0x000000000800a3e8                . = ALIGN (0x4)
 *(.ARM.extab* .gnu.linkonce.armextab.*)
                0x000000000800a3e8                . = ALIGN (0x4)

.ARM            0x000000000800a3e8        0x0
                0x000000000800a3e8                . = ALIGN (0x4)
                0x000000000800a3e8                __exidx_start = .
 *(.ARM.exidx*)
                0x000000000800a3e8                __exidx_end = .
                0x000000000800a3e8                . = ALIGN (0x4)

.preinit_array  0x000000000800a3e8        0x0
                0x000000000800a3e8                . = ALIGN (0x4)
                0x000000000800a3e8                PROVIDE (__preinit_array_start = .)
 *(.preinit_array*)
                0x000000000800a3e8                PROVIDE (__preinit_array_end = .)
                0x000000000800a3e8                . = ALIGN (0x4)

.init_array     0x000000000800a3e8        0x4
                0x000000000800a3e8                . = ALIGN (0x4)
                0x000000000800a3e8                PROVIDE (__init_array_start = .)
 *(SORT_BY_NAME(.init_array.*))
 *(.init_array*)
 .init_array    0x000000000800a3e8        0x4 c:/st/stm32cubeide_1.11.0/stm32cubeide/plugins/com.st.stm32cube.ide.mcu.externaltools.gnu-tools-for-stm32.10.3-2021.10.win32_1.0.100.202210260954/tools/bin/../lib/gcc/arm-none-eabi/10.3.1/thumb/v7e-m+fp/hard/crtbegin.o
                0x000000000800a3ec                PROVIDE (__init_array_end = .)
                0x000000000800a3ec                . = ALIGN (0x4)

.fini_array     0x000000000800a3ec        0x4
                0x000000000800a3ec                . = ALIGN (0x4)
                [!provide]                        PROVIDE (__fini_array_start = .)
 *(SORT_BY_NAME(.fini_array.*))
 *(.fini_array*)
 .fini_array    0x000000000800a3ec        0x4 c:/st/stm32cubeide_1.11.0/stm32cubeide/plugins/com.st.stm32cube.ide.mcu.externaltools.gnu-tools-for-stm32.10.3-2021.10.win32_1.0.100.202210260954/tools/bin/../lib/gcc/arm-none-eabi/10.3.1/thumb/v7e-m+fp/hard/crtbegin.o
                [!provide]                        PROVIDE (__fini_array_end = .)
                0x000000000800a3f0                . = ALIGN (0x4)
                0x000000000800a3f0                _sidata = LOADADDR (.data)

.data           0x0000000020000000      0x1b4 load address 0x000000000800a3f0
                0x0000000020000000                . = ALIGN (0x4)
                0x0000000020000000                _sdata = .
 *(.data)
 *(.data*)
 .data.motor1Control
                0x0000000020000000       0x10 ./Core/Src/main.o
                0x0000000020000000                motor1Control
 .data.motor2Control
                0x0000000020000010       0x10 ./Core/Src/main.o
                0x0000000020000010                motor2Control
 .data.motor3Control
                0x0000000020000020       0x10 ./Core/Src/main.o
                0x0000000020000020                motor3Control
 .data.SystemCoreClock
                0x0000000020000030        0x4 ./Core/Src/system_stm32g4xx.o
                0x0000000020000030                SystemCoreClock
 .data.uwTickPrio
                0x0000000020000034        0x4 ./Drivers/STM32G4xx_HAL_Driver/Src/stm32g4xx_hal.o
                0x0000000020000034                uwTickPrio
 .data.uwTickFreq
                0x0000000020000038        0x4 ./Drivers/STM32G4xx_HAL_Driver/Src/stm32g4xx_hal.o
                0x0000000020000038                uwTickFreq
 .data.USBD_CDC_DeviceQualifierDesc
                0x000000002000003c        0xa ./Middlewares/ST/STM32_USB_Device_Library/Class/CDC/Src/usbd_cdc.o
 *fill*         0x0000000020000046        0x2 
 .data.USBD_CDC
                0x0000000020000048       0x38 ./Middlewares/ST/STM32_USB_Device_Library/Class/CDC/Src/usbd_cdc.o
                0x0000000020000048                USBD_CDC
 .data.USBD_CDC_CfgHSDesc
                0x0000000020000080       0x43 ./Middlewares/ST/STM32_USB_Device_Library/Class/CDC/Src/usbd_cdc.o
 *fill*         0x00000000200000c3        0x1 
 .data.USBD_CDC_CfgFSDesc
                0x00000000200000c4       0x43 ./Middlewares/ST/STM32_USB_Device_Library/Class/CDC/Src/usbd_cdc.o
 *fill*         0x0000000020000107        0x1 
 .data.USBD_CDC_OtherSpeedCfgDesc
                0x0000000020000108       0x43 ./Middlewares/ST/STM32_USB_Device_Library/Class/CDC/Src/usbd_cdc.o
 *fill*         0x000000002000014b        0x1 
 .data.USBD_Interface_fops_FS
                0x000000002000014c       0x14 ./USB_Device/App/usbd_cdc_if.o
                0x000000002000014c                USBD_Interface_fops_FS
 .data.CDC_Desc
                0x0000000020000160       0x20 ./USB_Device/App/usbd_desc.o
                0x0000000020000160                CDC_Desc
 .data.USBD_CDC_DeviceDesc
                0x0000000020000180       0x12 ./USB_Device/App/usbd_desc.o
                0x0000000020000180                USBD_CDC_DeviceDesc
 *fill*         0x0000000020000192        0x2 
 .data.USBD_LangIDDesc
                0x0000000020000194        0x4 ./USB_Device/App/usbd_desc.o
                0x0000000020000194                USBD_LangIDDesc
 .data.USBD_StringSerial
                0x0000000020000198       0x1a ./USB_Device/App/usbd_desc.o
                0x0000000020000198                USBD_StringSerial
 *(.RamFunc)
 *(.RamFunc*)
                0x00000000200001b4                . = ALIGN (0x4)
 *fill*         0x00000000200001b2        0x2 
                0x00000000200001b4                _edata = .

.igot.plt       0x00000000200001b4        0x0 load address 0x000000000800a5a4
 .igot.plt      0x00000000200001b4        0x0 c:/st/stm32cubeide_1.11.0/stm32cubeide/plugins/com.st.stm32cube.ide.mcu.externaltools.gnu-tools-for-stm32.10.3-2021.10.win32_1.0.100.202210260954/tools/bin/../lib/gcc/arm-none-eabi/10.3.1/thumb/v7e-m+fp/hard/crtbegin.o
                0x00000000200001b4                . = ALIGN (0x4)

.bss            0x00000000200001b4     0x14c4 load address 0x000000000800a5a4
                0x00000000200001b4                _sbss = .
                0x00000000200001b4                __bss_start__ = _sbss
 *(.bss)
 .bss           0x00000000200001b4       0x1c c:/st/stm32cubeide_1.11.0/stm32cubeide/plugins/com.st.stm32cube.ide.mcu.externaltools.gnu-tools-for-stm32.10.3-2021.10.win32_1.0.100.202210260954/tools/bin/../lib/gcc/arm-none-eabi/10.3.1/thumb/v7e-m+fp/hard/crtbegin.o
 *(.bss*)
 .bss.htim1     0x00000000200001d0       0x4c ./Core/Src/main.o
                0x00000000200001d0                htim1
 .bss.htim2     0x000000002000021c       0x4c ./Core/Src/main.o
                0x000000002000021c                htim2
 .bss.htim3     0x0000000020000268       0x4c ./Core/Src/main.o
                0x0000000020000268                htim3
 .bss.htim4     0x00000000200002b4       0x4c ./Core/Src/main.o
                0x00000000200002b4                htim4
 .bss.htim6     0x0000000020000300       0x4c ./Core/Src/main.o
                0x0000000020000300                htim6
 .bss.htim8     0x000000002000034c       0x4c ./Core/Src/main.o
                0x000000002000034c                htim8
 .bss.htim15    0x0000000020000398       0x4c ./Core/Src/main.o
                0x0000000020000398                htim15
 .bss.htim16    0x00000000200003e4       0x4c ./Core/Src/main.o
                0x00000000200003e4                htim16
 .bss.htim17    0x0000000020000430       0x4c ./Core/Src/main.o
                0x0000000020000430                htim17
 .bss.command   0x000000002000047c        0xa ./Core/Src/main.o
                0x000000002000047c                command
 .bss.isCommandReceived
                0x0000000020000486        0x1 ./Core/Src/main.o
                0x0000000020000486                isCommandReceived
 *fill*         0x0000000020000487        0x1 
 .bss.timeout   0x0000000020000488        0x2 ./Core/Src/main.o
                0x0000000020000488                timeout
 .bss.motor_enabled
                0x000000002000048a        0x2 ./Core/Src/main.o
                0x000000002000048a                motor_enabled
 .bss.uwTick    0x000000002000048c        0x4 ./Drivers/STM32G4xx_HAL_Driver/Src/stm32g4xx_hal.o
                0x000000002000048c                uwTick
 .bss.cfgidx.0  0x0000000020000490        0x1 ./Middlewares/ST/STM32_USB_Device_Library/Core/Src/usbd_ctlreq.o
 *fill*         0x0000000020000491        0x3 
 .bss.hUsbDeviceFS
                0x0000000020000494      0x2d0 ./USB_Device/App/usb_device.o
                0x0000000020000494                hUsbDeviceFS
 .bss.UserRxBufferFS
                0x0000000020000764      0x400 ./USB_Device/App/usbd_cdc_if.o
                0x0000000020000764                UserRxBufferFS
 .bss.UserTxBufferFS
                0x0000000020000b64      0x400 ./USB_Device/App/usbd_cdc_if.o
                0x0000000020000b64                UserTxBufferFS
 .bss.USBD_StrDesc
                0x0000000020000f64      0x200 ./USB_Device/App/usbd_desc.o
                0x0000000020000f64                USBD_StrDesc
 .bss.hpcd_USB_FS
                0x0000000020001164      0x2f4 ./USB_Device/Target/usbd_conf.o
                0x0000000020001164                hpcd_USB_FS
 .bss.mem.0     0x0000000020001458      0x220 ./USB_Device/Target/usbd_conf.o
 *(COMMON)
                0x0000000020001678                . = ALIGN (0x4)
                0x0000000020001678                _ebss = .
                0x0000000020001678                __bss_end__ = _ebss

._user_heap_stack
                0x0000000020001678      0x600 load address 0x000000000800a5a4
                0x0000000020001678                . = ALIGN (0x8)
                [!provide]                        PROVIDE (end = .)
                0x0000000020001678                PROVIDE (_end = .)
                0x0000000020001878                . = (. + _Min_Heap_Size)
 *fill*         0x0000000020001678      0x200 
                0x0000000020001c78                . = (. + _Min_Stack_Size)
 *fill*         0x0000000020001878      0x400 
                0x0000000020001c78                . = ALIGN (0x8)

/DISCARD/
 libc.a(*)
 libm.a(*)
 libgcc.a(*)

.ARM.attributes
                0x0000000000000000       0x30
 *(.ARM.attributes)
 .ARM.attributes
                0x0000000000000000       0x1e c:/st/stm32cubeide_1.11.0/stm32cubeide/plugins/com.st.stm32cube.ide.mcu.externaltools.gnu-tools-for-stm32.10.3-2021.10.win32_1.0.100.202210260954/tools/bin/../lib/gcc/arm-none-eabi/10.3.1/thumb/v7e-m+fp/hard/crti.o
 .ARM.attributes
                0x000000000000001e       0x34 c:/st/stm32cubeide_1.11.0/stm32cubeide/plugins/com.st.stm32cube.ide.mcu.externaltools.gnu-tools-for-stm32.10.3-2021.10.win32_1.0.100.202210260954/tools/bin/../lib/gcc/arm-none-eabi/10.3.1/thumb/v7e-m+fp/hard/crtbegin.o
 .ARM.attributes
                0x0000000000000052       0x34 ./Core/Src/main.o
 .ARM.attributes
                0x0000000000000086       0x34 ./Core/Src/stm32g4xx_hal_msp.o
 .ARM.attributes
                0x00000000000000ba       0x34 ./Core/Src/stm32g4xx_it.o
 .ARM.attributes
                0x00000000000000ee       0x34 ./Core/Src/system_stm32g4xx.o
 .ARM.attributes
                0x0000000000000122       0x21 ./Core/Startup/startup_stm32g441kbtx.o
 .ARM.attributes
                0x0000000000000143       0x34 ./Drivers/STM32G4xx_HAL_Driver/Src/stm32g4xx_hal.o
 .ARM.attributes
                0x0000000000000177       0x34 ./Drivers/STM32G4xx_HAL_Driver/Src/stm32g4xx_hal_cortex.o
 .ARM.attributes
                0x00000000000001ab       0x34 ./Drivers/STM32G4xx_HAL_Driver/Src/stm32g4xx_hal_gpio.o
 .ARM.attributes
                0x00000000000001df       0x34 ./Drivers/STM32G4xx_HAL_Driver/Src/stm32g4xx_hal_pcd.o
 .ARM.attributes
                0x0000000000000213       0x34 ./Drivers/STM32G4xx_HAL_Driver/Src/stm32g4xx_hal_pcd_ex.o
 .ARM.attributes
                0x0000000000000247       0x34 ./Drivers/STM32G4xx_HAL_Driver/Src/stm32g4xx_hal_pwr_ex.o
 .ARM.attributes
                0x000000000000027b       0x34 ./Drivers/STM32G4xx_HAL_Driver/Src/stm32g4xx_hal_rcc.o
 .ARM.attributes
                0x00000000000002af       0x34 ./Drivers/STM32G4xx_HAL_Driver/Src/stm32g4xx_hal_rcc_ex.o
 .ARM.attributes
                0x00000000000002e3       0x34 ./Drivers/STM32G4xx_HAL_Driver/Src/stm32g4xx_hal_tim.o
 .ARM.attributes
                0x0000000000000317       0x34 ./Drivers/STM32G4xx_HAL_Driver/Src/stm32g4xx_hal_tim_ex.o
 .ARM.attributes
                0x000000000000034b       0x34 ./Drivers/STM32G4xx_HAL_Driver/Src/stm32g4xx_ll_usb.o
 .ARM.attributes
                0x000000000000037f       0x34 ./Middlewares/ST/STM32_USB_Device_Library/Class/CDC/Src/usbd_cdc.o
 .ARM.attributes
                0x00000000000003b3       0x34 ./Middlewares/ST/STM32_USB_Device_Library/Core/Src/usbd_core.o
 .ARM.attributes
                0x00000000000003e7       0x34 ./Middlewares/ST/STM32_USB_Device_Library/Core/Src/usbd_ctlreq.o
 .ARM.attributes
                0x000000000000041b       0x34 ./Middlewares/ST/STM32_USB_Device_Library/Core/Src/usbd_ioreq.o
 .ARM.attributes
                0x000000000000044f       0x34 ./USB_Device/App/usb_device.o
 .ARM.attributes
                0x0000000000000483       0x34 ./USB_Device/App/usbd_cdc_if.o
 .ARM.attributes
                0x00000000000004b7       0x34 ./USB_Device/App/usbd_desc.o
 .ARM.attributes
                0x00000000000004eb       0x34 ./USB_Device/Target/usbd_conf.o
 .ARM.attributes
                0x000000000000051f       0x34 c:/st/stm32cubeide_1.11.0/stm32cubeide/plugins/com.st.stm32cube.ide.mcu.externaltools.gnu-tools-for-stm32.10.3-2021.10.win32_1.0.100.202210260954/tools/bin/../lib/gcc/arm-none-eabi/10.3.1/../../../../arm-none-eabi/lib/thumb/v7e-m+fp/hard\libc_nano.a(lib_a-init.o)
 .ARM.attributes
                0x0000000000000553       0x34 c:/st/stm32cubeide_1.11.0/stm32cubeide/plugins/com.st.stm32cube.ide.mcu.externaltools.gnu-tools-for-stm32.10.3-2021.10.win32_1.0.100.202210260954/tools/bin/../lib/gcc/arm-none-eabi/10.3.1/../../../../arm-none-eabi/lib/thumb/v7e-m+fp/hard\libc_nano.a(lib_a-memcpy-stub.o)
 .ARM.attributes
                0x0000000000000587       0x34 c:/st/stm32cubeide_1.11.0/stm32cubeide/plugins/com.st.stm32cube.ide.mcu.externaltools.gnu-tools-for-stm32.10.3-2021.10.win32_1.0.100.202210260954/tools/bin/../lib/gcc/arm-none-eabi/10.3.1/../../../../arm-none-eabi/lib/thumb/v7e-m+fp/hard\libc_nano.a(lib_a-memset.o)
 .ARM.attributes
                0x00000000000005bb       0x1e c:/st/stm32cubeide_1.11.0/stm32cubeide/plugins/com.st.stm32cube.ide.mcu.externaltools.gnu-tools-for-stm32.10.3-2021.10.win32_1.0.100.202210260954/tools/bin/../lib/gcc/arm-none-eabi/10.3.1/thumb/v7e-m+fp/hard/crtn.o
OUTPUT(VR-DeltaX.elf elf32-littlearm)
LOAD linker stubs
LOAD c:/st/stm32cubeide_1.11.0/stm32cubeide/plugins/com.st.stm32cube.ide.mcu.externaltools.gnu-tools-for-stm32.10.3-2021.10.win32_1.0.100.202210260954/tools/bin/../lib/gcc/arm-none-eabi/10.3.1/../../../../arm-none-eabi/lib/thumb/v7e-m+fp/hard\libc.a
LOAD c:/st/stm32cubeide_1.11.0/stm32cubeide/plugins/com.st.stm32cube.ide.mcu.externaltools.gnu-tools-for-stm32.10.3-2021.10.win32_1.0.100.202210260954/tools/bin/../lib/gcc/arm-none-eabi/10.3.1/../../../../arm-none-eabi/lib/thumb/v7e-m+fp/hard\libm.a
LOAD c:/st/stm32cubeide_1.11.0/stm32cubeide/plugins/com.st.stm32cube.ide.mcu.externaltools.gnu-tools-for-stm32.10.3-2021.10.win32_1.0.100.202210260954/tools/bin/../lib/gcc/arm-none-eabi/10.3.1/thumb/v7e-m+fp/hard\libgcc.a

.debug_info     0x0000000000000000    0x166bb
 .debug_info    0x0000000000000000     0x181d ./Core/Src/main.o
 .debug_info    0x000000000000181d     0x1170 ./Core/Src/stm32g4xx_hal_msp.o
 .debug_info    0x000000000000298d      0xe06 ./Core/Src/stm32g4xx_it.o
 .debug_info    0x0000000000003793      0x59f ./Core/Src/system_stm32g4xx.o
 .debug_info    0x0000000000003d32       0x22 ./Core/Startup/startup_stm32g441kbtx.o
 .debug_info    0x0000000000003d54      0xae9 ./Drivers/STM32G4xx_HAL_Driver/Src/stm32g4xx_hal.o
 .debug_info    0x000000000000483d      0xdca ./Drivers/STM32G4xx_HAL_Driver/Src/stm32g4xx_hal_cortex.o
 .debug_info    0x0000000000005607      0x82f ./Drivers/STM32G4xx_HAL_Driver/Src/stm32g4xx_hal_gpio.o
 .debug_info    0x0000000000005e36     0x16ac ./Drivers/STM32G4xx_HAL_Driver/Src/stm32g4xx_hal_pcd.o
 .debug_info    0x00000000000074e2      0x890 ./Drivers/STM32G4xx_HAL_Driver/Src/stm32g4xx_hal_pcd_ex.o
 .debug_info    0x0000000000007d72      0x983 ./Drivers/STM32G4xx_HAL_Driver/Src/stm32g4xx_hal_pwr_ex.o
 .debug_info    0x00000000000086f5      0xc53 ./Drivers/STM32G4xx_HAL_Driver/Src/stm32g4xx_hal_rcc.o
 .debug_info    0x0000000000009348      0xcfe ./Drivers/STM32G4xx_HAL_Driver/Src/stm32g4xx_hal_rcc_ex.o
 .debug_info    0x000000000000a046     0x2e83 ./Drivers/STM32G4xx_HAL_Driver/Src/stm32g4xx_hal_tim.o
 .debug_info    0x000000000000cec9     0x1eea ./Drivers/STM32G4xx_HAL_Driver/Src/stm32g4xx_hal_tim_ex.o
 .debug_info    0x000000000000edb3     0x1675 ./Drivers/STM32G4xx_HAL_Driver/Src/stm32g4xx_ll_usb.o
 .debug_info    0x0000000000010428     0x11c1 ./Middlewares/ST/STM32_USB_Device_Library/Class/CDC/Src/usbd_cdc.o
 .debug_info    0x00000000000115e9      0xbcd ./Middlewares/ST/STM32_USB_Device_Library/Core/Src/usbd_core.o
 .debug_info    0x00000000000121b6      0xae0 ./Middlewares/ST/STM32_USB_Device_Library/Core/Src/usbd_ctlreq.o
 .debug_info    0x0000000000012c96      0x78f ./Middlewares/ST/STM32_USB_Device_Library/Core/Src/usbd_ioreq.o
 .debug_info    0x0000000000013425      0x71f ./USB_Device/App/usb_device.o
 .debug_info    0x0000000000013b44      0x93c ./USB_Device/App/usbd_cdc_if.o
 .debug_info    0x0000000000014480      0x49b ./USB_Device/App/usbd_desc.o
 .debug_info    0x000000000001491b     0x1da0 ./USB_Device/Target/usbd_conf.o

.debug_abbrev   0x0000000000000000     0x358e
 .debug_abbrev  0x0000000000000000      0x32d ./Core/Src/main.o
 .debug_abbrev  0x000000000000032d      0x26a ./Core/Src/stm32g4xx_hal_msp.o
 .debug_abbrev  0x0000000000000597      0x1e6 ./Core/Src/stm32g4xx_it.o
 .debug_abbrev  0x000000000000077d      0x116 ./Core/Src/system_stm32g4xx.o
 .debug_abbrev  0x0000000000000893       0x12 ./Core/Startup/startup_stm32g441kbtx.o
 .debug_abbrev  0x00000000000008a5      0x269 ./Drivers/STM32G4xx_HAL_Driver/Src/stm32g4xx_hal.o
 .debug_abbrev  0x0000000000000b0e      0x30d ./Drivers/STM32G4xx_HAL_Driver/Src/stm32g4xx_hal_cortex.o
 .debug_abbrev  0x0000000000000e1b      0x1bb ./Drivers/STM32G4xx_HAL_Driver/Src/stm32g4xx_hal_gpio.o
 .debug_abbrev  0x0000000000000fd6      0x2a4 ./Drivers/STM32G4xx_HAL_Driver/Src/stm32g4xx_hal_pcd.o
 .debug_abbrev  0x000000000000127a      0x21d ./Drivers/STM32G4xx_HAL_Driver/Src/stm32g4xx_hal_pcd_ex.o
 .debug_abbrev  0x0000000000001497      0x229 ./Drivers/STM32G4xx_HAL_Driver/Src/stm32g4xx_hal_pwr_ex.o
 .debug_abbrev  0x00000000000016c0      0x2bd ./Drivers/STM32G4xx_HAL_Driver/Src/stm32g4xx_hal_rcc.o
 .debug_abbrev  0x000000000000197d      0x247 ./Drivers/STM32G4xx_HAL_Driver/Src/stm32g4xx_hal_rcc_ex.o
 .debug_abbrev  0x0000000000001bc4      0x28e ./Drivers/STM32G4xx_HAL_Driver/Src/stm32g4xx_hal_tim.o
 .debug_abbrev  0x0000000000001e52      0x2ab ./Drivers/STM32G4xx_HAL_Driver/Src/stm32g4xx_hal_tim_ex.o
 .debug_abbrev  0x00000000000020fd      0x22f ./Drivers/STM32G4xx_HAL_Driver/Src/stm32g4xx_ll_usb.o
 .debug_abbrev  0x000000000000232c      0x2a6 ./Middlewares/ST/STM32_USB_Device_Library/Class/CDC/Src/usbd_cdc.o
 .debug_abbrev  0x00000000000025d2      0x23d ./Middlewares/ST/STM32_USB_Device_Library/Core/Src/usbd_core.o
 .debug_abbrev  0x000000000000280f      0x26d ./Middlewares/ST/STM32_USB_Device_Library/Core/Src/usbd_ctlreq.o
 .debug_abbrev  0x0000000000002a7c      0x19b ./Middlewares/ST/STM32_USB_Device_Library/Core/Src/usbd_ioreq.o
 .debug_abbrev  0x0000000000002c17      0x19b ./USB_Device/App/usb_device.o
 .debug_abbrev  0x0000000000002db2      0x2b6 ./USB_Device/App/usbd_cdc_if.o
 .debug_abbrev  0x0000000000003068      0x209 ./USB_Device/App/usbd_desc.o
 .debug_abbrev  0x0000000000003271      0x31d ./USB_Device/Target/usbd_conf.o

.debug_aranges  0x0000000000000000     0x1350
 .debug_aranges
                0x0000000000000000       0xa8 ./Core/Src/main.o
 .debug_aranges
                0x00000000000000a8       0x58 ./Core/Src/stm32g4xx_hal_msp.o
 .debug_aranges
                0x0000000000000100       0x70 ./Core/Src/stm32g4xx_it.o
 .debug_aranges
                0x0000000000000170       0x28 ./Core/Src/system_stm32g4xx.o
 .debug_aranges
                0x0000000000000198       0x28 ./Core/Startup/startup_stm32g441kbtx.o
 .debug_aranges
                0x00000000000001c0      0x130 ./Drivers/STM32G4xx_HAL_Driver/Src/stm32g4xx_hal.o
 .debug_aranges
                0x00000000000002f0      0x118 ./Drivers/STM32G4xx_HAL_Driver/Src/stm32g4xx_hal_cortex.o
 .debug_aranges
                0x0000000000000408       0x58 ./Drivers/STM32G4xx_HAL_Driver/Src/stm32g4xx_hal_gpio.o
 .debug_aranges
                0x0000000000000460      0x130 ./Drivers/STM32G4xx_HAL_Driver/Src/stm32g4xx_hal_pcd.o
 .debug_aranges
                0x0000000000000590       0x58 ./Drivers/STM32G4xx_HAL_Driver/Src/stm32g4xx_hal_pcd_ex.o
 .debug_aranges
                0x00000000000005e8      0x140 ./Drivers/STM32G4xx_HAL_Driver/Src/stm32g4xx_hal_pwr_ex.o
 .debug_aranges
                0x0000000000000728       0x98 ./Drivers/STM32G4xx_HAL_Driver/Src/stm32g4xx_hal_rcc.o
 .debug_aranges
                0x00000000000007c0       0xb0 ./Drivers/STM32G4xx_HAL_Driver/Src/stm32g4xx_hal_rcc_ex.o
 .debug_aranges
                0x0000000000000870      0x3e0 ./Drivers/STM32G4xx_HAL_Driver/Src/stm32g4xx_hal_tim.o
 .debug_aranges
                0x0000000000000c50      0x240 ./Drivers/STM32G4xx_HAL_Driver/Src/stm32g4xx_hal_tim_ex.o
 .debug_aranges
                0x0000000000000e90       0xb0 ./Drivers/STM32G4xx_HAL_Driver/Src/stm32g4xx_ll_usb.o
 .debug_aranges
                0x0000000000000f40       0x90 ./Middlewares/ST/STM32_USB_Device_Library/Class/CDC/Src/usbd_cdc.o
 .debug_aranges
                0x0000000000000fd0       0xb8 ./Middlewares/ST/STM32_USB_Device_Library/Core/Src/usbd_core.o
 .debug_aranges
                0x0000000000001088       0x90 ./Middlewares/ST/STM32_USB_Device_Library/Core/Src/usbd_ctlreq.o
 .debug_aranges
                0x0000000000001118       0x50 ./Middlewares/ST/STM32_USB_Device_Library/Core/Src/usbd_ioreq.o
 .debug_aranges
                0x0000000000001168       0x20 ./USB_Device/App/usb_device.o
 .debug_aranges
                0x0000000000001188       0x48 ./USB_Device/App/usbd_cdc_if.o
 .debug_aranges
                0x00000000000011d0       0x60 ./USB_Device/App/usbd_desc.o
 .debug_aranges
                0x0000000000001230      0x120 ./USB_Device/Target/usbd_conf.o

.debug_ranges   0x0000000000000000     0x11d8
 .debug_ranges  0x0000000000000000       0x98 ./Core/Src/main.o
 .debug_ranges  0x0000000000000098       0x48 ./Core/Src/stm32g4xx_hal_msp.o
 .debug_ranges  0x00000000000000e0       0x60 ./Core/Src/stm32g4xx_it.o
 .debug_ranges  0x0000000000000140       0x18 ./Core/Src/system_stm32g4xx.o
 .debug_ranges  0x0000000000000158       0x20 ./Core/Startup/startup_stm32g441kbtx.o
 .debug_ranges  0x0000000000000178      0x120 ./Drivers/STM32G4xx_HAL_Driver/Src/stm32g4xx_hal.o
 .debug_ranges  0x0000000000000298      0x108 ./Drivers/STM32G4xx_HAL_Driver/Src/stm32g4xx_hal_cortex.o
 .debug_ranges  0x00000000000003a0       0x48 ./Drivers/STM32G4xx_HAL_Driver/Src/stm32g4xx_hal_gpio.o
 .debug_ranges  0x00000000000003e8      0x120 ./Drivers/STM32G4xx_HAL_Driver/Src/stm32g4xx_hal_pcd.o
 .debug_ranges  0x0000000000000508       0x48 ./Drivers/STM32G4xx_HAL_Driver/Src/stm32g4xx_hal_pcd_ex.o
 .debug_ranges  0x0000000000000550      0x130 ./Drivers/STM32G4xx_HAL_Driver/Src/stm32g4xx_hal_pwr_ex.o
 .debug_ranges  0x0000000000000680       0x88 ./Drivers/STM32G4xx_HAL_Driver/Src/stm32g4xx_hal_rcc.o
 .debug_ranges  0x0000000000000708       0xa0 ./Drivers/STM32G4xx_HAL_Driver/Src/stm32g4xx_hal_rcc_ex.o
 .debug_ranges  0x00000000000007a8      0x3d0 ./Drivers/STM32G4xx_HAL_Driver/Src/stm32g4xx_hal_tim.o
 .debug_ranges  0x0000000000000b78      0x230 ./Drivers/STM32G4xx_HAL_Driver/Src/stm32g4xx_hal_tim_ex.o
 .debug_ranges  0x0000000000000da8       0xa0 ./Drivers/STM32G4xx_HAL_Driver/Src/stm32g4xx_ll_usb.o
 .debug_ranges  0x0000000000000e48       0x80 ./Middlewares/ST/STM32_USB_Device_Library/Class/CDC/Src/usbd_cdc.o
 .debug_ranges  0x0000000000000ec8       0xa8 ./Middlewares/ST/STM32_USB_Device_Library/Core/Src/usbd_core.o
 .debug_ranges  0x0000000000000f70       0x80 ./Middlewares/ST/STM32_USB_Device_Library/Core/Src/usbd_ctlreq.o
 .debug_ranges  0x0000000000000ff0       0x40 ./Middlewares/ST/STM32_USB_Device_Library/Core/Src/usbd_ioreq.o
 .debug_ranges  0x0000000000001030       0x10 ./USB_Device/App/usb_device.o
 .debug_ranges  0x0000000000001040       0x38 ./USB_Device/App/usbd_cdc_if.o
 .debug_ranges  0x0000000000001078       0x50 ./USB_Device/App/usbd_desc.o
 .debug_ranges  0x00000000000010c8      0x110 ./USB_Device/Target/usbd_conf.o

.debug_macro    0x0000000000000000    0x20c4b
 .debug_macro   0x0000000000000000      0x422 ./Core/Src/main.o
 .debug_macro   0x0000000000000422      0xa78 ./Core/Src/main.o
 .debug_macro   0x0000000000000e9a      0x15b ./Core/Src/main.o
 .debug_macro   0x0000000000000ff5       0x2e ./Core/Src/main.o
 .debug_macro   0x0000000000001023       0x28 ./Core/Src/main.o
 .debug_macro   0x000000000000104b       0x22 ./Core/Src/main.o
 .debug_macro   0x000000000000106d       0x8e ./Core/Src/main.o
 .debug_macro   0x00000000000010fb       0x51 ./Core/Src/main.o
 .debug_macro   0x000000000000114c      0x103 ./Core/Src/main.o
 .debug_macro   0x000000000000124f       0x6a ./Core/Src/main.o
 .debug_macro   0x00000000000012b9      0x1df ./Core/Src/main.o
 .debug_macro   0x0000000000001498       0x1c ./Core/Src/main.o
 .debug_macro   0x00000000000014b4       0x22 ./Core/Src/main.o
 .debug_macro   0x00000000000014d6       0xfb ./Core/Src/main.o
 .debug_macro   0x00000000000015d1     0x1011 ./Core/Src/main.o
 .debug_macro   0x00000000000025e2      0x11f ./Core/Src/main.o
 .debug_macro   0x0000000000002701    0x11778 ./Core/Src/main.o
 .debug_macro   0x0000000000013e79       0x6d ./Core/Src/main.o
 .debug_macro   0x0000000000013ee6     0x3554 ./Core/Src/main.o
 .debug_macro   0x000000000001743a      0x174 ./Core/Src/main.o
 .debug_macro   0x00000000000175ae       0x5c ./Core/Src/main.o
 .debug_macro   0x000000000001760a     0x1463 ./Core/Src/main.o
 .debug_macro   0x0000000000018a6d      0x535 ./Core/Src/main.o
 .debug_macro   0x0000000000018fa2      0x1b6 ./Core/Src/main.o
 .debug_macro   0x0000000000019158      0x288 ./Core/Src/main.o
 .debug_macro   0x00000000000193e0      0x41d ./Core/Src/main.o
 .debug_macro   0x00000000000197fd      0x18b ./Core/Src/main.o
 .debug_macro   0x0000000000019988       0x43 ./Core/Src/main.o
 .debug_macro   0x00000000000199cb      0x23d ./Core/Src/main.o
 .debug_macro   0x0000000000019c08      0x211 ./Core/Src/main.o
 .debug_macro   0x0000000000019e19      0x401 ./Core/Src/main.o
 .debug_macro   0x000000000001a21a      0x107 ./Core/Src/main.o
 .debug_macro   0x000000000001a321       0x6c ./Core/Src/main.o
 .debug_macro   0x000000000001a38d      0x234 ./Core/Src/main.o
 .debug_macro   0x000000000001a5c1      0x122 ./Core/Src/main.o
 .debug_macro   0x000000000001a6e3      0x3d1 ./Core/Src/main.o
 .debug_macro   0x000000000001aab4      0xbbe ./Core/Src/main.o
 .debug_macro   0x000000000001b672      0x47e ./Core/Src/main.o
 .debug_macro   0x000000000001baf0      0x306 ./Core/Src/main.o
 .debug_macro   0x000000000001bdf6       0xdc ./Core/Src/main.o
 .debug_macro   0x000000000001bed2       0x52 ./Core/Src/main.o
 .debug_macro   0x000000000001bf24       0x1e ./Core/Src/main.o
 .debug_macro   0x000000000001bf42       0x3c ./Core/Src/main.o
 .debug_macro   0x000000000001bf7e       0x34 ./Core/Src/main.o
 .debug_macro   0x000000000001bfb2       0x16 ./Core/Src/main.o
 .debug_macro   0x000000000001bfc8       0x35 ./Core/Src/main.o
 .debug_macro   0x000000000001bffd      0x341 ./Core/Src/main.o
 .debug_macro   0x000000000001c33e       0x10 ./Core/Src/main.o
 .debug_macro   0x000000000001c34e       0x16 ./Core/Src/main.o
 .debug_macro   0x000000000001c364       0x43 ./Core/Src/main.o
 .debug_macro   0x000000000001c3a7       0x34 ./Core/Src/main.o
 .debug_macro   0x000000000001c3db       0x10 ./Core/Src/main.o
 .debug_macro   0x000000000001c3eb       0x58 ./Core/Src/main.o
 .debug_macro   0x000000000001c443       0x71 ./Core/Src/main.o
 .debug_macro   0x000000000001c4b4       0x1c ./Core/Src/main.o
 .debug_macro   0x000000000001c4d0      0x12a ./Core/Src/main.o
 .debug_macro   0x000000000001c5fa       0x10 ./Core/Src/main.o
 .debug_macro   0x000000000001c60a       0x1c ./Core/Src/main.o
 .debug_macro   0x000000000001c626       0x52 ./Core/Src/main.o
 .debug_macro   0x000000000001c678       0x22 ./Core/Src/main.o
 .debug_macro   0x000000000001c69a       0x10 ./Core/Src/main.o
 .debug_macro   0x000000000001c6aa       0x52 ./Core/Src/main.o
 .debug_macro   0x000000000001c6fc       0xd5 ./Core/Src/main.o
 .debug_macro   0x000000000001c7d1       0x1c ./Core/Src/main.o
 .debug_macro   0x000000000001c7ed       0x3d ./Core/Src/main.o
 .debug_macro   0x000000000001c82a       0x16 ./Core/Src/main.o
 .debug_macro   0x000000000001c840      0x145 ./Core/Src/main.o
 .debug_macro   0x000000000001c985       0x16 ./Core/Src/main.o
 .debug_macro   0x000000000001c99b       0x16 ./Core/Src/main.o
 .debug_macro   0x000000000001c9b1       0x29 ./Core/Src/main.o
 .debug_macro   0x000000000001c9da       0x16 ./Core/Src/main.o
 .debug_macro   0x000000000001c9f0       0x20 ./Core/Src/main.o
 .debug_macro   0x000000000001ca10       0x5f ./Core/Src/main.o
 .debug_macro   0x000000000001ca6f      0x1ef ./Core/Src/main.o
 .debug_macro   0x000000000001cc5e       0x95 ./Core/Src/main.o
 .debug_macro   0x000000000001ccf3       0x10 ./Core/Src/main.o
 .debug_macro   0x000000000001cd03      0x1ed ./Core/Src/stm32g4xx_hal_msp.o
 .debug_macro   0x000000000001cef0      0x1f7 ./Core/Src/stm32g4xx_it.o
 .debug_macro   0x000000000001d0e7      0x1de ./Core/Src/system_stm32g4xx.o
 .debug_macro   0x000000000001d2c5      0x22c ./Drivers/STM32G4xx_HAL_Driver/Src/stm32g4xx_hal.o
 .debug_macro   0x000000000001d4f1      0x1de ./Drivers/STM32G4xx_HAL_Driver/Src/stm32g4xx_hal_cortex.o
 .debug_macro   0x000000000001d6cf      0x1e5 ./Drivers/STM32G4xx_HAL_Driver/Src/stm32g4xx_hal_gpio.o
 .debug_macro   0x000000000001d8b4      0x1ea ./Drivers/STM32G4xx_HAL_Driver/Src/stm32g4xx_hal_pcd.o
 .debug_macro   0x000000000001da9e      0x1de ./Drivers/STM32G4xx_HAL_Driver/Src/stm32g4xx_hal_pcd_ex.o
 .debug_macro   0x000000000001dc7c      0x208 ./Drivers/STM32G4xx_HAL_Driver/Src/stm32g4xx_hal_pwr_ex.o
 .debug_macro   0x000000000001de84      0x220 ./Drivers/STM32G4xx_HAL_Driver/Src/stm32g4xx_hal_rcc.o
 .debug_macro   0x000000000001e0a4      0x208 ./Drivers/STM32G4xx_HAL_Driver/Src/stm32g4xx_hal_rcc_ex.o
 .debug_macro   0x000000000001e2ac      0x1e6 ./Drivers/STM32G4xx_HAL_Driver/Src/stm32g4xx_hal_tim.o
 .debug_macro   0x000000000001e492      0x1e4 ./Drivers/STM32G4xx_HAL_Driver/Src/stm32g4xx_hal_tim_ex.o
 .debug_macro   0x000000000001e676      0x1de ./Drivers/STM32G4xx_HAL_Driver/Src/stm32g4xx_ll_usb.o
 .debug_macro   0x000000000001e854      0x3f4 ./Middlewares/ST/STM32_USB_Device_Library/Class/CDC/Src/usbd_cdc.o
 .debug_macro   0x000000000001ec48       0x97 ./Middlewares/ST/STM32_USB_Device_Library/Class/CDC/Src/usbd_cdc.o
 .debug_macro   0x000000000001ecdf       0xfd ./Middlewares/ST/STM32_USB_Device_Library/Class/CDC/Src/usbd_cdc.o
 .debug_macro   0x000000000001eddc       0x56 ./Middlewares/ST/STM32_USB_Device_Library/Class/CDC/Src/usbd_cdc.o
 .debug_macro   0x000000000001ee32      0x3db ./Middlewares/ST/STM32_USB_Device_Library/Core/Src/usbd_core.o
 .debug_macro   0x000000000001f20d      0x1f5 ./Middlewares/ST/STM32_USB_Device_Library/Core/Src/usbd_core.o
 .debug_macro   0x000000000001f402      0x3e5 ./Middlewares/ST/STM32_USB_Device_Library/Core/Src/usbd_ctlreq.o
 .debug_macro   0x000000000001f7e7      0x3e1 ./Middlewares/ST/STM32_USB_Device_Library/Core/Src/usbd_ioreq.o
 .debug_macro   0x000000000001fbc8      0x41a ./USB_Device/App/usb_device.o
 .debug_macro   0x000000000001ffe2       0x22 ./USB_Device/App/usb_device.o
 .debug_macro   0x0000000000020004       0x16 ./USB_Device/App/usb_device.o
 .debug_macro   0x000000000002001a      0x3ff ./USB_Device/App/usbd_cdc_if.o
 .debug_macro   0x0000000000020419      0x418 ./USB_Device/App/usbd_desc.o
 .debug_macro   0x0000000000020831       0x1c ./USB_Device/App/usbd_desc.o
 .debug_macro   0x000000000002084d      0x3fe ./USB_Device/Target/usbd_conf.o

.debug_line     0x0000000000000000    0x16735
 .debug_line    0x0000000000000000     0x10af ./Core/Src/main.o
 .debug_line    0x00000000000010af      0x95d ./Core/Src/stm32g4xx_hal_msp.o
 .debug_line    0x0000000000001a0c      0x7e5 ./Core/Src/stm32g4xx_it.o
 .debug_line    0x00000000000021f1      0x75c ./Core/Src/system_stm32g4xx.o
 .debug_line    0x000000000000294d       0x89 ./Core/Startup/startup_stm32g441kbtx.o
 .debug_line    0x00000000000029d6      0xad3 ./Drivers/STM32G4xx_HAL_Driver/Src/stm32g4xx_hal.o
 .debug_line    0x00000000000034a9      0xc86 ./Drivers/STM32G4xx_HAL_Driver/Src/stm32g4xx_hal_cortex.o
 .debug_line    0x000000000000412f      0xb16 ./Drivers/STM32G4xx_HAL_Driver/Src/stm32g4xx_hal_gpio.o
 .debug_line    0x0000000000004c45     0x12fb ./Drivers/STM32G4xx_HAL_Driver/Src/stm32g4xx_hal_pcd.o
 .debug_line    0x0000000000005f40      0x867 ./Drivers/STM32G4xx_HAL_Driver/Src/stm32g4xx_hal_pcd_ex.o
 .debug_line    0x00000000000067a7      0xc8a ./Drivers/STM32G4xx_HAL_Driver/Src/stm32g4xx_hal_pwr_ex.o
 .debug_line    0x0000000000007431      0xee9 ./Drivers/STM32G4xx_HAL_Driver/Src/stm32g4xx_hal_rcc.o
 .debug_line    0x000000000000831a     0x10ac ./Drivers/STM32G4xx_HAL_Driver/Src/stm32g4xx_hal_rcc_ex.o
 .debug_line    0x00000000000093c6     0x3dda ./Drivers/STM32G4xx_HAL_Driver/Src/stm32g4xx_hal_tim.o
 .debug_line    0x000000000000d1a0     0x2056 ./Drivers/STM32G4xx_HAL_Driver/Src/stm32g4xx_hal_tim_ex.o
 .debug_line    0x000000000000f1f6      0xf42 ./Drivers/STM32G4xx_HAL_Driver/Src/stm32g4xx_ll_usb.o
 .debug_line    0x0000000000010138      0xdb5 ./Middlewares/ST/STM32_USB_Device_Library/Class/CDC/Src/usbd_cdc.o
 .debug_line    0x0000000000010eed      0xe38 ./Middlewares/ST/STM32_USB_Device_Library/Core/Src/usbd_core.o
 .debug_line    0x0000000000011d25     0x10d8 ./Middlewares/ST/STM32_USB_Device_Library/Core/Src/usbd_ctlreq.o
 .debug_line    0x0000000000012dfd      0xa8f ./Middlewares/ST/STM32_USB_Device_Library/Core/Src/usbd_ioreq.o
 .debug_line    0x000000000001388c      0xa4b ./USB_Device/App/usb_device.o
 .debug_line    0x00000000000142d7      0xaaf ./USB_Device/App/usbd_cdc_if.o
 .debug_line    0x0000000000014d86      0xb14 ./USB_Device/App/usbd_desc.o
 .debug_line    0x000000000001589a      0xe9b ./USB_Device/Target/usbd_conf.o

.debug_str      0x0000000000000000    0xc6514
 .debug_str     0x0000000000000000    0xc1537 ./Core/Src/main.o
                                      0xc196a (size before relaxing)
 .debug_str     0x00000000000c1537      0x594 ./Core/Src/stm32g4xx_hal_msp.o
                                      0xbcb61 (size before relaxing)
 .debug_str     0x00000000000c1acb      0x3ef ./Core/Src/stm32g4xx_it.o
                                      0xbc83a (size before relaxing)
 .debug_str     0x00000000000c1eba       0xdb ./Core/Src/system_stm32g4xx.o
                                      0xbbc7f (size before relaxing)
 .debug_str     0x00000000000c1f95       0x36 ./Core/Startup/startup_stm32g441kbtx.o
                                         0x75 (size before relaxing)
 .debug_str     0x00000000000c1fcb      0x5bc ./Drivers/STM32G4xx_HAL_Driver/Src/stm32g4xx_hal.o
                                      0xbc7a0 (size before relaxing)
 .debug_str     0x00000000000c2587      0x313 ./Drivers/STM32G4xx_HAL_Driver/Src/stm32g4xx_hal_cortex.o
                                      0xbc44b (size before relaxing)
 .debug_str     0x00000000000c289a      0x11f ./Drivers/STM32G4xx_HAL_Driver/Src/stm32g4xx_hal_gpio.o
                                      0xbbe0a (size before relaxing)
 .debug_str     0x00000000000c29b9      0x527 ./Drivers/STM32G4xx_HAL_Driver/Src/stm32g4xx_hal_pcd.o
                                      0xbc3c7 (size before relaxing)
 .debug_str     0x00000000000c2ee0      0x186 ./Drivers/STM32G4xx_HAL_Driver/Src/stm32g4xx_hal_pcd_ex.o
                                      0xbc043 (size before relaxing)
 .debug_str     0x00000000000c3066      0x4a5 ./Drivers/STM32G4xx_HAL_Driver/Src/stm32g4xx_hal_pwr_ex.o
                                      0xbc16d (size before relaxing)
 .debug_str     0x00000000000c350b      0x4e0 ./Drivers/STM32G4xx_HAL_Driver/Src/stm32g4xx_hal_rcc.o
                                      0xbc378 (size before relaxing)
 .debug_str     0x00000000000c39eb      0x5a3 ./Drivers/STM32G4xx_HAL_Driver/Src/stm32g4xx_hal_rcc_ex.o
                                      0xbc379 (size before relaxing)
 .debug_str     0x00000000000c3f8e      0xdbb ./Drivers/STM32G4xx_HAL_Driver/Src/stm32g4xx_hal_tim.o
                                      0xbd16d (size before relaxing)
 .debug_str     0x00000000000c4d49      0x81d ./Drivers/STM32G4xx_HAL_Driver/Src/stm32g4xx_hal_tim_ex.o
                                      0xbcdf1 (size before relaxing)
 .debug_str     0x00000000000c5566       0xcd ./Drivers/STM32G4xx_HAL_Driver/Src/stm32g4xx_ll_usb.o
                                      0xbbf14 (size before relaxing)
 .debug_str     0x00000000000c5633      0x684 ./Middlewares/ST/STM32_USB_Device_Library/Class/CDC/Src/usbd_cdc.o
                                      0xc111d (size before relaxing)
 .debug_str     0x00000000000c5cb7      0x288 ./Middlewares/ST/STM32_USB_Device_Library/Core/Src/usbd_core.o
                                      0xc09ed (size before relaxing)
 .debug_str     0x00000000000c5f3f      0x147 ./Middlewares/ST/STM32_USB_Device_Library/Core/Src/usbd_ctlreq.o
                                      0xc093f (size before relaxing)
 .debug_str     0x00000000000c6086       0x51 ./Middlewares/ST/STM32_USB_Device_Library/Core/Src/usbd_ioreq.o
                                      0xc0834 (size before relaxing)
 .debug_str     0x00000000000c60d7       0xc7 ./USB_Device/App/usb_device.o
                                      0xc0be8 (size before relaxing)
 .debug_str     0x00000000000c619e       0x91 ./USB_Device/App/usbd_cdc_if.o
                                      0xc0c36 (size before relaxing)
 .debug_str     0x00000000000c622f      0x254 ./USB_Device/App/usbd_desc.o
                                      0xc073e (size before relaxing)
 .debug_str     0x00000000000c6483       0x91 ./USB_Device/Target/usbd_conf.o
                                      0xc1abc (size before relaxing)

.comment        0x0000000000000000       0x50
 .comment       0x0000000000000000       0x50 ./Core/Src/main.o
                                         0x51 (size before relaxing)
 .comment       0x0000000000000050       0x51 ./Core/Src/stm32g4xx_hal_msp.o
 .comment       0x0000000000000050       0x51 ./Core/Src/stm32g4xx_it.o
 .comment       0x0000000000000050       0x51 ./Core/Src/system_stm32g4xx.o
 .comment       0x0000000000000050       0x51 ./Drivers/STM32G4xx_HAL_Driver/Src/stm32g4xx_hal.o
 .comment       0x0000000000000050       0x51 ./Drivers/STM32G4xx_HAL_Driver/Src/stm32g4xx_hal_cortex.o
 .comment       0x0000000000000050       0x51 ./Drivers/STM32G4xx_HAL_Driver/Src/stm32g4xx_hal_gpio.o
 .comment       0x0000000000000050       0x51 ./Drivers/STM32G4xx_HAL_Driver/Src/stm32g4xx_hal_pcd.o
 .comment       0x0000000000000050       0x51 ./Drivers/STM32G4xx_HAL_Driver/Src/stm32g4xx_hal_pcd_ex.o
 .comment       0x0000000000000050       0x51 ./Drivers/STM32G4xx_HAL_Driver/Src/stm32g4xx_hal_pwr_ex.o
 .comment       0x0000000000000050       0x51 ./Drivers/STM32G4xx_HAL_Driver/Src/stm32g4xx_hal_rcc.o
 .comment       0x0000000000000050       0x51 ./Drivers/STM32G4xx_HAL_Driver/Src/stm32g4xx_hal_rcc_ex.o
 .comment       0x0000000000000050       0x51 ./Drivers/STM32G4xx_HAL_Driver/Src/stm32g4xx_hal_tim.o
 .comment       0x0000000000000050       0x51 ./Drivers/STM32G4xx_HAL_Driver/Src/stm32g4xx_hal_tim_ex.o
 .comment       0x0000000000000050       0x51 ./Drivers/STM32G4xx_HAL_Driver/Src/stm32g4xx_ll_usb.o
 .comment       0x0000000000000050       0x51 ./Middlewares/ST/STM32_USB_Device_Library/Class/CDC/Src/usbd_cdc.o
 .comment       0x0000000000000050       0x51 ./Middlewares/ST/STM32_USB_Device_Library/Core/Src/usbd_core.o
 .comment       0x0000000000000050       0x51 ./Middlewares/ST/STM32_USB_Device_Library/Core/Src/usbd_ctlreq.o
 .comment       0x0000000000000050       0x51 ./Middlewares/ST/STM32_USB_Device_Library/Core/Src/usbd_ioreq.o
 .comment       0x0000000000000050       0x51 ./USB_Device/App/usb_device.o
 .comment       0x0000000000000050       0x51 ./USB_Device/App/usbd_cdc_if.o
 .comment       0x0000000000000050       0x51 ./USB_Device/App/usbd_desc.o
 .comment       0x0000000000000050       0x51 ./USB_Device/Target/usbd_conf.o

.debug_frame    0x0000000000000000     0x5018
 .debug_frame   0x0000000000000000      0x28c ./Core/Src/main.o
 .debug_frame   0x000000000000028c      0x138 ./Core/Src/stm32g4xx_hal_msp.o
 .debug_frame   0x00000000000003c4      0x13c ./Core/Src/stm32g4xx_it.o
 .debug_frame   0x0000000000000500       0x58 ./Core/Src/system_stm32g4xx.o
 .debug_frame   0x0000000000000558      0x4a0 ./Drivers/STM32G4xx_HAL_Driver/Src/stm32g4xx_hal.o
 .debug_frame   0x00000000000009f8      0x498 ./Drivers/STM32G4xx_HAL_Driver/Src/stm32g4xx_hal_cortex.o
 .debug_frame   0x0000000000000e90      0x14c ./Drivers/STM32G4xx_HAL_Driver/Src/stm32g4xx_hal_gpio.o
 .debug_frame   0x0000000000000fdc      0x554 ./Drivers/STM32G4xx_HAL_Driver/Src/stm32g4xx_hal_pcd.o
 .debug_frame   0x0000000000001530      0x14c ./Drivers/STM32G4xx_HAL_Driver/Src/stm32g4xx_hal_pcd_ex.o
 .debug_frame   0x000000000000167c      0x4fc ./Drivers/STM32G4xx_HAL_Driver/Src/stm32g4xx_hal_pwr_ex.o
 .debug_frame   0x0000000000001b78      0x23c ./Drivers/STM32G4xx_HAL_Driver/Src/stm32g4xx_hal_rcc.o
 .debug_frame   0x0000000000001db4      0x2ac ./Drivers/STM32G4xx_HAL_Driver/Src/stm32g4xx_hal_rcc_ex.o
 .debug_frame   0x0000000000002060     0x121c ./Drivers/STM32G4xx_HAL_Driver/Src/stm32g4xx_hal_tim.o
 .debug_frame   0x000000000000327c      0xa68 ./Drivers/STM32G4xx_HAL_Driver/Src/stm32g4xx_hal_tim_ex.o